Component: ARM Compiler 5.05 update 2 (build 169) Tool: armlink [4d0f33]

==============================================================================

Section Cross References

    main.o(i.ble_stack_init) refers to softdevice_handler.o(i.softdevice_handler_init) for softdevice_handler_init
    main.o(i.ble_stack_init) refers to app_error.o(i.app_error_handler) for app_error_handler
    main.o(i.ble_stack_init) refers to softdevice_handler.o(i.softdevice_ble_evt_handler_set) for softdevice_ble_evt_handler_set
    main.o(i.ble_stack_init) refers to main.o(.bss) for .bss
    main.o(i.ble_stack_init) refers to main.o(i.ble_evt_handler) for ble_evt_handler
    main.o(i.gap_params_init) refers to app_error.o(i.app_error_handler) for app_error_handler
    main.o(i.main) refers to timer_handler.o(i.timer_init) for timer_init
    main.o(i.main) refers to uart_handler.o(i.uart_init) for uart_init
    main.o(i.main) refers to printfb.o(i.__0printf$bare) for __2printf
    main.o(i.main) refers to main.o(i.ble_stack_init) for ble_stack_init
    main.o(i.main) refers to main.o(i.gap_params_init) for gap_params_init
    timer_handler.o(i.timer_init) refers to app_timer.o(i.app_timer_init) for app_timer_init
    timer_handler.o(i.timer_init) refers to app_error.o(i.app_error_handler) for app_error_handler
    timer_handler.o(i.timer_init) refers to timer_handler.o(.bss) for .bss
    uart_handler.o(i.uart_evt_handler) refers to app_error.o(i.app_error_handler) for app_error_handler
    uart_handler.o(i.uart_init) refers to app_uart_fifo.o(i.app_uart_init) for app_uart_init
    uart_handler.o(i.uart_init) refers to app_error.o(i.app_error_handler) for app_error_handler
    uart_handler.o(i.uart_init) refers to uart_handler.o(.constdata) for .constdata
    uart_handler.o(i.uart_init) refers to uart_handler.o(.bss) for .bss
    uart_handler.o(i.uart_init) refers to uart_handler.o(i.uart_evt_handler) for uart_evt_handler
    bsp.o(i.bsp_button_event_handler) refers to app_timer.o(i.app_timer_start) for app_timer_start
    bsp.o(i.bsp_button_event_handler) refers to app_timer.o(i.app_timer_stop) for app_timer_stop
    bsp.o(i.bsp_button_event_handler) refers to bsp.o(.constdata) for .constdata
    bsp.o(i.bsp_button_event_handler) refers to bsp.o(.data) for .data
    bsp.o(i.bsp_button_event_handler) refers to bsp.o(.bss) for .bss
    bsp.o(i.bsp_button_is_pressed) refers to bsp.o(.constdata) for .constdata
    bsp.o(i.bsp_buttons_disable) refers to app_button.o(i.app_button_disable) for app_button_disable
    bsp.o(i.bsp_buttons_enable) refers to app_button.o(i.app_button_enable) for app_button_enable
    bsp.o(i.bsp_buttons_state_get) refers to bsp.o(.constdata) for .constdata
    bsp.o(i.bsp_event_to_button_action_assign) refers to bsp.o(.bss) for .bss
    bsp.o(i.bsp_indication_set) refers to bsp.o(i.bsp_led_indication) for bsp_led_indication
    bsp.o(i.bsp_indication_set) refers to bsp.o(.data) for .data
    bsp.o(i.bsp_indication_text_set) refers to bsp.o(i.bsp_indication_set) for bsp_indication_set
    bsp.o(i.bsp_init) refers to bsp.o(i.bsp_event_to_button_action_assign) for bsp_event_to_button_action_assign
    bsp.o(i.bsp_init) refers to app_button.o(i.app_button_init) for app_button_init
    bsp.o(i.bsp_init) refers to app_button.o(i.app_button_enable) for app_button_enable
    bsp.o(i.bsp_init) refers to app_timer.o(i.app_timer_create) for app_timer_create
    bsp.o(i.bsp_init) refers to bsp.o(.data) for .data
    bsp.o(i.bsp_init) refers to bsp.o(.constdata) for .constdata
    bsp.o(i.bsp_init) refers to bsp.o(i.button_timer_handler) for button_timer_handler
    bsp.o(i.bsp_init) refers to bsp.o(i.leds_timer_handler) for leds_timer_handler
    bsp.o(i.bsp_init) refers to bsp.o(i.alert_timer_handler) for alert_timer_handler
    bsp.o(i.bsp_led_indication) refers to bsp.o(i.__ARM_common_switch8) for __ARM_common_switch8
    bsp.o(i.bsp_led_indication) refers to uidiv.o(.text) for __aeabi_uidivmod
    bsp.o(i.bsp_led_indication) refers to app_timer.o(i.app_timer_start) for app_timer_start
    bsp.o(i.bsp_led_indication) refers to app_timer.o(i.app_timer_stop) for app_timer_stop
    bsp.o(i.bsp_led_indication) refers to bsp.o(.data) for .data
    bsp.o(i.bsp_wakeup_buttons_set) refers to bsp.o(.constdata) for .constdata
    bsp.o(i.button_timer_handler) refers to bsp.o(i.bsp_button_event_handler) for bsp_button_event_handler
    bsp.o(i.leds_timer_handler) refers to bsp.o(i.bsp_led_indication) for bsp_led_indication
    bsp.o(i.leds_timer_handler) refers to bsp.o(.data) for .data
    bsp.o(.constdata) refers to bsp.o(i.bsp_button_event_handler) for bsp_button_event_handler
    arm_startup_nrf51.o(RESET) refers to arm_startup_nrf51.o(STACK) for __initial_sp
    arm_startup_nrf51.o(RESET) refers to arm_startup_nrf51.o(.text) for Reset_Handler
    arm_startup_nrf51.o(RESET) refers to app_uart_fifo.o(i.UART0_IRQHandler) for UART0_IRQHandler
    arm_startup_nrf51.o(RESET) refers to nrf_drv_gpiote.o(i.GPIOTE_IRQHandler) for GPIOTE_IRQHandler
    arm_startup_nrf51.o(RESET) refers to app_timer.o(i.RTC1_IRQHandler) for RTC1_IRQHandler
    arm_startup_nrf51.o(RESET) refers to app_timer.o(i.SWI0_IRQHandler) for SWI0_IRQHandler
    arm_startup_nrf51.o(RESET) refers to softdevice_handler.o(i.SWI2_IRQHandler) for SWI2_IRQHandler
    arm_startup_nrf51.o(.text) refers to system_nrf51.o(i.SystemInit) for SystemInit
    arm_startup_nrf51.o(.text) refers to entry.o(.ARM.Collect$$$$00000000) for __main
    system_nrf51.o(i.SystemCoreClockUpdate) refers to system_nrf51.o(.data) for .data
    system_nrf51.o(i.SystemInit) refers to system_nrf51.o(i.is_manual_peripheral_setup_needed) for is_manual_peripheral_setup_needed
    ble_srv_common.o(i.ble_srv_ascii_to_utf8) refers to strlen.o(.text) for strlen
    ble_advdata.o(i.adv_data_encode) refers to ble_advdata.o(i.name_encode) for name_encode
    ble_advdata.o(i.adv_data_encode) refers to ble_advdata.o(i.uint16_encode) for uint16_encode
    ble_advdata.o(i.adv_data_encode) refers to ble_advdata.o(i.uuid_list_encode) for uuid_list_encode
    ble_advdata.o(i.adv_data_encode) refers to ble_advdata.o(i.conn_int_encode) for conn_int_encode
    ble_advdata.o(i.adv_data_encode) refers to ble_advdata.o(i.manuf_specific_data_encode) for manuf_specific_data_encode
    ble_advdata.o(i.adv_data_encode) refers to ble_advdata.o(i.service_data_encode) for service_data_encode
    ble_advdata.o(i.ble_advdata_set) refers to ble_advdata.o(i.adv_data_encode) for adv_data_encode
    ble_advdata.o(i.conn_int_encode) refers to ble_advdata.o(i.uint16_encode) for uint16_encode
    ble_advdata.o(i.manuf_specific_data_encode) refers to ble_advdata.o(i.uint16_encode) for uint16_encode
    ble_advdata.o(i.manuf_specific_data_encode) refers to memcpya.o(.text) for __aeabi_memcpy
    ble_advdata.o(i.service_data_encode) refers to ble_advdata.o(i.uint16_encode) for uint16_encode
    ble_advdata.o(i.service_data_encode) refers to memcpya.o(.text) for __aeabi_memcpy
    ble_advdata.o(i.uuid_list_encode) refers to ble_advdata.o(i.uuid_list_sized_encode) for uuid_list_sized_encode
    ble_conn_params.o(i.ble_conn_params_change_conn_params) refers to memcpya.o(.text) for __aeabi_memcpy
    ble_conn_params.o(i.ble_conn_params_change_conn_params) refers to ble_conn_params.o(i.is_conn_params_ok) for is_conn_params_ok
    ble_conn_params.o(i.ble_conn_params_change_conn_params) refers to ble_conn_params.o(.data) for .data
    ble_conn_params.o(i.ble_conn_params_change_conn_params) refers to ble_conn_params.o(.bss) for .bss
    ble_conn_params.o(i.ble_conn_params_init) refers to memcpya.o(.text) for __aeabi_memcpy4
    ble_conn_params.o(i.ble_conn_params_init) refers to app_timer.o(i.app_timer_create) for app_timer_create
    ble_conn_params.o(i.ble_conn_params_init) refers to ble_conn_params.o(.bss) for .bss
    ble_conn_params.o(i.ble_conn_params_init) refers to ble_conn_params.o(.data) for .data
    ble_conn_params.o(i.ble_conn_params_init) refers to ble_conn_params.o(i.update_timeout_handler) for update_timeout_handler
    ble_conn_params.o(i.ble_conn_params_on_ble_evt) refers to memcpya.o(.text) for __aeabi_memcpy
    ble_conn_params.o(i.ble_conn_params_on_ble_evt) refers to ble_conn_params.o(i.conn_params_negotiation) for conn_params_negotiation
    ble_conn_params.o(i.ble_conn_params_on_ble_evt) refers to app_timer.o(i.app_timer_stop) for app_timer_stop
    ble_conn_params.o(i.ble_conn_params_on_ble_evt) refers to ble_conn_params.o(.data) for .data
    ble_conn_params.o(i.ble_conn_params_on_ble_evt) refers to ble_conn_params.o(.bss) for .bss
    ble_conn_params.o(i.ble_conn_params_stop) refers to app_timer.o(i.app_timer_stop) for app_timer_stop
    ble_conn_params.o(i.ble_conn_params_stop) refers to ble_conn_params.o(.data) for .data
    ble_conn_params.o(i.conn_params_negotiation) refers to ble_conn_params.o(i.is_conn_params_ok) for is_conn_params_ok
    ble_conn_params.o(i.conn_params_negotiation) refers to app_timer.o(i.app_timer_start) for app_timer_start
    ble_conn_params.o(i.conn_params_negotiation) refers to ble_conn_params.o(.data) for .data
    ble_conn_params.o(i.conn_params_negotiation) refers to ble_conn_params.o(.bss) for .bss
    ble_conn_params.o(i.is_conn_params_ok) refers to ble_conn_params.o(.data) for .data
    ble_conn_params.o(i.update_timeout_handler) refers to ble_conn_params.o(.data) for .data
    ble_conn_params.o(i.update_timeout_handler) refers to ble_conn_params.o(.bss) for .bss
    nrf_drv_gpiote.o(i.GPIOTE_IRQHandler) refers to nrf_drv_gpiote.o(i.nrf_gpiote_event_is_set) for nrf_gpiote_event_is_set
    nrf_drv_gpiote.o(i.GPIOTE_IRQHandler) refers to nrf_drv_gpiote.o(i.pin_in_use_by_port) for pin_in_use_by_port
    nrf_drv_gpiote.o(i.GPIOTE_IRQHandler) refers to nrf_drv_gpiote.o(i.channel_port_get) for channel_port_get
    nrf_drv_gpiote.o(i.GPIOTE_IRQHandler) refers to nrf_drv_gpiote.o(i.nrf_gpio_cfg_sense_set) for nrf_gpio_cfg_sense_set
    nrf_drv_gpiote.o(i.GPIOTE_IRQHandler) refers to nrf_drv_gpiote.o(.bss) for .bss
    nrf_drv_gpiote.o(i.channel_free) refers to nrf_drv_gpiote.o(.bss) for .bss
    nrf_drv_gpiote.o(i.channel_port_alloc) refers to nrf_drv_gpiote.o(.bss) for .bss
    nrf_drv_gpiote.o(i.channel_port_get) refers to nrf_drv_gpiote.o(.bss) for .bss
    nrf_drv_gpiote.o(i.nrf_drv_gpiote_in_event_addr_get) refers to nrf_drv_gpiote.o(i.channel_port_get) for channel_port_get
    nrf_drv_gpiote.o(i.nrf_drv_gpiote_in_event_disable) refers to nrf_drv_gpiote.o(i.pin_in_use_by_port) for pin_in_use_by_port
    nrf_drv_gpiote.o(i.nrf_drv_gpiote_in_event_disable) refers to nrf_drv_gpiote.o(i.pin_in_use_by_te) for pin_in_use_by_te
    nrf_drv_gpiote.o(i.nrf_drv_gpiote_in_event_disable) refers to nrf_drv_gpiote.o(i.channel_port_get) for channel_port_get
    nrf_drv_gpiote.o(i.nrf_drv_gpiote_in_event_enable) refers to nrf_drv_gpiote.o(i.pin_in_use_by_port) for pin_in_use_by_port
    nrf_drv_gpiote.o(i.nrf_drv_gpiote_in_event_enable) refers to nrf_drv_gpiote.o(i.channel_port_get) for channel_port_get
    nrf_drv_gpiote.o(i.nrf_drv_gpiote_in_event_enable) refers to nrf_drv_gpiote.o(i.nrf_gpio_cfg_sense_set) for nrf_gpio_cfg_sense_set
    nrf_drv_gpiote.o(i.nrf_drv_gpiote_in_event_enable) refers to nrf_drv_gpiote.o(i.pin_in_use_by_te) for pin_in_use_by_te
    nrf_drv_gpiote.o(i.nrf_drv_gpiote_in_event_enable) refers to nrf_drv_gpiote.o(.bss) for .bss
    nrf_drv_gpiote.o(i.nrf_drv_gpiote_in_init) refers to nrf_drv_gpiote.o(i.channel_port_alloc) for channel_port_alloc
    nrf_drv_gpiote.o(i.nrf_drv_gpiote_in_init) refers to nrf_drv_gpiote.o(.bss) for .bss
    nrf_drv_gpiote.o(i.nrf_drv_gpiote_in_uninit) refers to nrf_drv_gpiote.o(i.nrf_drv_gpiote_in_event_disable) for nrf_drv_gpiote_in_event_disable
    nrf_drv_gpiote.o(i.nrf_drv_gpiote_in_uninit) refers to nrf_drv_gpiote.o(i.pin_in_use_by_te) for pin_in_use_by_te
    nrf_drv_gpiote.o(i.nrf_drv_gpiote_in_uninit) refers to nrf_drv_gpiote.o(i.channel_port_get) for channel_port_get
    nrf_drv_gpiote.o(i.nrf_drv_gpiote_in_uninit) refers to nrf_drv_gpiote.o(i.channel_free) for channel_free
    nrf_drv_gpiote.o(i.nrf_drv_gpiote_in_uninit) refers to nrf_drv_gpiote.o(.bss) for .bss
    nrf_drv_gpiote.o(i.nrf_drv_gpiote_init) refers to nrf_drv_gpiote.o(i.channel_free) for channel_free
    nrf_drv_gpiote.o(i.nrf_drv_gpiote_init) refers to nrf_drv_common.o(i.nrf_drv_common_irq_enable) for nrf_drv_common_irq_enable
    nrf_drv_gpiote.o(i.nrf_drv_gpiote_init) refers to nrf_drv_gpiote.o(.bss) for .bss
    nrf_drv_gpiote.o(i.nrf_drv_gpiote_is_init) refers to nrf_drv_gpiote.o(.bss) for .bss
    nrf_drv_gpiote.o(i.nrf_drv_gpiote_out_init) refers to nrf_drv_gpiote.o(i.channel_port_alloc) for channel_port_alloc
    nrf_drv_gpiote.o(i.nrf_drv_gpiote_out_init) refers to nrf_drv_gpiote.o(.bss) for .bss
    nrf_drv_gpiote.o(i.nrf_drv_gpiote_out_task_addr_get) refers to nrf_drv_gpiote.o(i.channel_port_get) for channel_port_get
    nrf_drv_gpiote.o(i.nrf_drv_gpiote_out_task_disable) refers to nrf_drv_gpiote.o(.bss) for .bss
    nrf_drv_gpiote.o(i.nrf_drv_gpiote_out_task_enable) refers to nrf_drv_gpiote.o(.bss) for .bss
    nrf_drv_gpiote.o(i.nrf_drv_gpiote_out_task_force) refers to nrf_drv_gpiote.o(.bss) for .bss
    nrf_drv_gpiote.o(i.nrf_drv_gpiote_out_task_trigger) refers to nrf_drv_gpiote.o(i.channel_port_get) for channel_port_get
    nrf_drv_gpiote.o(i.nrf_drv_gpiote_out_uninit) refers to nrf_drv_gpiote.o(i.pin_in_use_by_te) for pin_in_use_by_te
    nrf_drv_gpiote.o(i.nrf_drv_gpiote_out_uninit) refers to nrf_drv_gpiote.o(i.channel_free) for channel_free
    nrf_drv_gpiote.o(i.nrf_drv_gpiote_out_uninit) refers to nrf_drv_gpiote.o(.bss) for .bss
    nrf_drv_gpiote.o(i.nrf_drv_gpiote_uninit) refers to nrf_drv_gpiote.o(i.nrf_drv_gpiote_in_uninit) for nrf_drv_gpiote_in_uninit
    nrf_drv_gpiote.o(i.nrf_drv_gpiote_uninit) refers to nrf_drv_gpiote.o(i.nrf_drv_gpiote_out_uninit) for nrf_drv_gpiote_out_uninit
    nrf_drv_gpiote.o(i.nrf_drv_gpiote_uninit) refers to nrf_drv_gpiote.o(.bss) for .bss
    nrf_drv_gpiote.o(i.pin_in_use_by_port) refers to nrf_drv_gpiote.o(.bss) for .bss
    nrf_drv_gpiote.o(i.pin_in_use_by_te) refers to nrf_drv_gpiote.o(.bss) for .bss
    nrf_delay.o(i.nrf_delay_ms) refers to nrf_delay.o(.emb_text) for __asm___11_nrf_delay_c_532987f3__nrf_delay_us
    app_uart_fifo.o(i.UART0_IRQHandler) refers to app_fifo.o(i.app_fifo_put) for app_fifo_put
    app_uart_fifo.o(i.UART0_IRQHandler) refers to app_uart_fifo.o(i.on_uart_event) for on_uart_event
    app_uart_fifo.o(i.UART0_IRQHandler) refers to app_uart_fifo.o(.data) for .data
    app_uart_fifo.o(i.UART0_IRQHandler) refers to app_uart_fifo.o(.bss) for .bss
    app_uart_fifo.o(i.action_tx_send) refers to app_fifo.o(i.app_fifo_get) for app_fifo_get
    app_uart_fifo.o(i.action_tx_send) refers to app_uart_fifo.o(i.action_tx_stop) for action_tx_stop
    app_uart_fifo.o(i.action_tx_send) refers to app_uart_fifo.o(.data) for .data
    app_uart_fifo.o(i.action_tx_send) refers to app_uart_fifo.o(.bss) for .bss
    app_uart_fifo.o(i.action_tx_stop) refers to app_uart_fifo.o(.data) for .data
    app_uart_fifo.o(i.action_uart_deactivate) refers to app_uart_fifo.o(.data) for .data
    app_uart_fifo.o(i.app_uart_close) refers to app_uart_fifo.o(i.on_uart_event) for on_uart_event
    app_uart_fifo.o(i.app_uart_close) refers to nrf_drv_gpiote.o(i.nrf_drv_gpiote_in_uninit) for nrf_drv_gpiote_in_uninit
    app_uart_fifo.o(i.app_uart_flush) refers to app_fifo.o(i.app_fifo_flush) for app_fifo_flush
    app_uart_fifo.o(i.app_uart_flush) refers to app_uart_fifo.o(.bss) for .bss
    app_uart_fifo.o(i.app_uart_get) refers to app_fifo.o(i.app_fifo_get) for app_fifo_get
    app_uart_fifo.o(i.app_uart_get) refers to app_uart_fifo.o(.bss) for .bss
    app_uart_fifo.o(i.app_uart_get_connection_state) refers to app_uart_fifo.o(.data) for .data
    app_uart_fifo.o(i.app_uart_init) refers to app_fifo.o(i.app_fifo_init) for app_fifo_init
    app_uart_fifo.o(i.app_uart_init) refers to nrf_drv_gpiote.o(i.nrf_drv_gpiote_is_init) for nrf_drv_gpiote_is_init
    app_uart_fifo.o(i.app_uart_init) refers to nrf_drv_gpiote.o(i.nrf_drv_gpiote_init) for nrf_drv_gpiote_init
    app_uart_fifo.o(i.app_uart_init) refers to nrf_drv_gpiote.o(i.nrf_drv_gpiote_out_init) for nrf_drv_gpiote_out_init
    app_uart_fifo.o(i.app_uart_init) refers to nrf_drv_gpiote.o(i.nrf_drv_gpiote_in_init) for nrf_drv_gpiote_in_init
    app_uart_fifo.o(i.app_uart_init) refers to nrf_drv_gpiote.o(i.nrf_drv_gpiote_in_event_enable) for nrf_drv_gpiote_in_event_enable
    app_uart_fifo.o(i.app_uart_init) refers to nrf_drv_gpiote.o(i.nrf_drv_gpiote_in_is_set) for nrf_drv_gpiote_in_is_set
    app_uart_fifo.o(i.app_uart_init) refers to app_uart_fifo.o(i.on_uart_event) for on_uart_event
    app_uart_fifo.o(i.app_uart_init) refers to app_uart_fifo.o(.data) for .data
    app_uart_fifo.o(i.app_uart_init) refers to app_uart_fifo.o(.bss) for .bss
    app_uart_fifo.o(i.app_uart_init) refers to app_uart_fifo.o(.constdata) for .constdata
    app_uart_fifo.o(i.app_uart_init) refers to app_uart_fifo.o(i.gpiote_uart_event_handler) for gpiote_uart_event_handler
    app_uart_fifo.o(i.app_uart_put) refers to app_fifo.o(i.app_fifo_put) for app_fifo_put
    app_uart_fifo.o(i.app_uart_put) refers to app_uart_fifo.o(i.on_uart_event) for on_uart_event
    app_uart_fifo.o(i.app_uart_put) refers to app_uart_fifo.o(.bss) for .bss
    app_uart_fifo.o(i.gpiote_uart_event_handler) refers to nrf_drv_gpiote.o(i.nrf_drv_gpiote_in_is_set) for nrf_drv_gpiote_in_is_set
    app_uart_fifo.o(i.gpiote_uart_event_handler) refers to app_uart_fifo.o(i.on_uart_event) for on_uart_event
    app_uart_fifo.o(i.on_uart_event) refers to bsp.o(i.__ARM_common_switch8) for __ARM_common_switch8
    app_uart_fifo.o(i.on_uart_event) refers to app_uart_fifo.o(i.action_tx_send) for action_tx_send
    app_uart_fifo.o(i.on_uart_event) refers to app_uart_fifo.o(i.action_uart_deactivate) for action_uart_deactivate
    app_uart_fifo.o(i.on_uart_event) refers to app_uart_fifo.o(i.action_tx_stop) for action_tx_stop
    app_uart_fifo.o(i.on_uart_event) refers to app_uart_fifo.o(.bss) for .bss
    app_uart_fifo.o(i.on_uart_event) refers to app_uart_fifo.o(.data) for .data
    app_button.o(i.app_button_disable) refers to nrf_drv_gpiote.o(i.nrf_drv_gpiote_in_event_disable) for nrf_drv_gpiote_in_event_disable
    app_button.o(i.app_button_disable) refers to app_timer.o(i.app_timer_stop) for app_timer_stop
    app_button.o(i.app_button_disable) refers to app_button.o(.data) for .data
    app_button.o(i.app_button_enable) refers to nrf_drv_gpiote.o(i.nrf_drv_gpiote_in_event_enable) for nrf_drv_gpiote_in_event_enable
    app_button.o(i.app_button_enable) refers to app_button.o(.data) for .data
    app_button.o(i.app_button_init) refers to nrf_drv_gpiote.o(i.nrf_drv_gpiote_is_init) for nrf_drv_gpiote_is_init
    app_button.o(i.app_button_init) refers to nrf_drv_gpiote.o(i.nrf_drv_gpiote_init) for nrf_drv_gpiote_init
    app_button.o(i.app_button_init) refers to nrf_drv_gpiote.o(i.nrf_drv_gpiote_in_init) for nrf_drv_gpiote_in_init
    app_button.o(i.app_button_init) refers to app_timer.o(i.app_timer_create) for app_timer_create
    app_button.o(i.app_button_init) refers to app_button.o(.data) for .data
    app_button.o(i.app_button_init) refers to app_button.o(.constdata) for .constdata
    app_button.o(i.app_button_init) refers to app_button.o(i.gpiote_event_handler) for gpiote_event_handler
    app_button.o(i.app_button_init) refers to app_button.o(i.detection_delay_timeout_handler) for detection_delay_timeout_handler
    app_button.o(i.app_button_is_pushed) refers to nrf_drv_gpiote.o(i.nrf_drv_gpiote_in_is_set) for nrf_drv_gpiote_in_is_set
    app_button.o(i.app_button_is_pushed) refers to app_button.o(.data) for .data
    app_button.o(i.detection_delay_timeout_handler) refers to nrf_drv_gpiote.o(i.nrf_drv_gpiote_in_is_set) for nrf_drv_gpiote_in_is_set
    app_button.o(i.detection_delay_timeout_handler) refers to app_button.o(.data) for .data
    app_button.o(i.gpiote_event_handler) refers to app_timer.o(i.app_timer_stop) for app_timer_stop
    app_button.o(i.gpiote_event_handler) refers to nrf_drv_gpiote.o(i.nrf_drv_gpiote_in_is_set) for nrf_drv_gpiote_in_is_set
    app_button.o(i.gpiote_event_handler) refers to app_timer.o(i.app_timer_start) for app_timer_start
    app_button.o(i.gpiote_event_handler) refers to app_button.o(.data) for .data
    app_timer.o(i.RTC1_IRQHandler) refers to app_timer.o(i.timer_timeouts_check) for timer_timeouts_check
    app_timer.o(i.SWI0_IRQHandler) refers to app_timer.o(i.elapsed_ticks_acquire) for elapsed_ticks_acquire
    app_timer.o(i.SWI0_IRQHandler) refers to app_timer.o(i.list_deletions_handler) for list_deletions_handler
    app_timer.o(i.SWI0_IRQHandler) refers to app_timer.o(i.expired_timers_handler) for expired_timers_handler
    app_timer.o(i.SWI0_IRQHandler) refers to app_timer.o(i.list_insertions_handler) for list_insertions_handler
    app_timer.o(i.SWI0_IRQHandler) refers to app_timer.o(i.compare_reg_update) for compare_reg_update
    app_timer.o(i.SWI0_IRQHandler) refers to app_timer.o(.data) for .data
    app_timer.o(i.app_timer_create) refers to app_timer.o(.data) for .data
    app_timer.o(i.app_timer_init) refers to app_timer.o(i.rtc1_stop) for rtc1_stop
    app_timer.o(i.app_timer_init) refers to app_timer.o(i.NVIC_SetPriority) for NVIC_SetPriority
    app_timer.o(i.app_timer_init) refers to app_timer.o(.data) for .data
    app_timer.o(i.app_timer_start) refers to app_timer.o(i.user_id_get) for user_id_get
    app_timer.o(i.app_timer_start) refers to app_timer.o(i.user_op_alloc) for user_op_alloc
    app_timer.o(i.app_timer_start) refers to app_timer.o(i.timer_list_handler_sched) for timer_list_handler_sched
    app_timer.o(i.app_timer_start) refers to app_timer.o(.data) for .data
    app_timer.o(i.app_timer_stop) refers to app_timer.o(i.user_id_get) for user_id_get
    app_timer.o(i.app_timer_stop) refers to app_timer.o(i.user_op_alloc) for user_op_alloc
    app_timer.o(i.app_timer_stop) refers to app_timer.o(i.timer_list_handler_sched) for timer_list_handler_sched
    app_timer.o(i.app_timer_stop) refers to app_timer.o(.data) for .data
    app_timer.o(i.app_timer_stop_all) refers to app_timer.o(i.user_id_get) for user_id_get
    app_timer.o(i.app_timer_stop_all) refers to app_timer.o(i.user_op_alloc) for user_op_alloc
    app_timer.o(i.app_timer_stop_all) refers to app_timer.o(i.timer_list_handler_sched) for timer_list_handler_sched
    app_timer.o(i.app_timer_stop_all) refers to app_timer.o(.data) for .data
    app_timer.o(i.compare_reg_update) refers to app_timer.o(.emb_text) for __asm___11_app_timer_c_cd27f9c3__nrf_delay_us
    app_timer.o(i.compare_reg_update) refers to app_timer.o(i.rtc1_stop) for rtc1_stop
    app_timer.o(i.compare_reg_update) refers to app_timer.o(.data) for .data
    app_timer.o(i.elapsed_ticks_acquire) refers to app_timer.o(.data) for .data
    app_timer.o(i.expired_timers_handler) refers to app_timer.o(.data) for .data
    app_timer.o(i.list_deletions_handler) refers to app_timer.o(i.timer_list_remove) for timer_list_remove
    app_timer.o(i.list_deletions_handler) refers to app_timer.o(.data) for .data
    app_timer.o(i.list_insertions_handler) refers to app_timer.o(i.timer_list_insert) for timer_list_insert
    app_timer.o(i.list_insertions_handler) refers to app_timer.o(.data) for .data
    app_timer.o(i.rtc1_stop) refers to app_timer.o(.emb_text) for __asm___11_app_timer_c_cd27f9c3__nrf_delay_us
    app_timer.o(i.rtc1_stop) refers to app_timer.o(.data) for .data
    app_timer.o(i.timer_list_insert) refers to app_timer.o(.data) for .data
    app_timer.o(i.timer_list_remove) refers to app_timer.o(.data) for .data
    app_timer.o(i.timer_timeouts_check) refers to app_error.o(i.app_error_handler) for app_error_handler
    app_timer.o(i.timer_timeouts_check) refers to app_timer.o(i.timer_list_handler_sched) for timer_list_handler_sched
    app_timer.o(i.timer_timeouts_check) refers to app_timer.o(.data) for .data
    retarget.o(i.fgetc) refers to app_uart_fifo.o(i.app_uart_get) for app_uart_get
    retarget.o(i.fputc) refers to app_uart_fifo.o(i.app_uart_put) for app_uart_put
    softdevice_handler.o(i.SWI2_IRQHandler) refers to app_error.o(i.app_error_handler) for app_error_handler
    softdevice_handler.o(i.SWI2_IRQHandler) refers to softdevice_handler.o(i.intern_softdevice_events_execute) for intern_softdevice_events_execute
    softdevice_handler.o(i.SWI2_IRQHandler) refers to softdevice_handler.o(.data) for .data
    softdevice_handler.o(i.intern_softdevice_events_execute) refers to app_error.o(i.app_error_handler) for app_error_handler
    softdevice_handler.o(i.intern_softdevice_events_execute) refers to softdevice_handler.o(.data) for .data
    softdevice_handler.o(i.softdevice_ble_evt_handler_set) refers to softdevice_handler.o(.data) for .data
    softdevice_handler.o(i.softdevice_handler_init) refers to softdevice_handler.o(.data) for .data
    softdevice_handler.o(i.softdevice_handler_init) refers to softdevice_handler.o(i.softdevice_assertion_handler) for softdevice_assertion_handler
    softdevice_handler.o(i.softdevice_handler_sd_disable) refers to softdevice_handler.o(.data) for .data
    softdevice_handler.o(i.softdevice_sys_evt_handler_set) refers to softdevice_handler.o(.data) for .data
    entry.o(.ARM.Collect$$$$00000000) refers (Special) to entry10a.o(.ARM.Collect$$$$0000000D) for __rt_final_cpp
    entry.o(.ARM.Collect$$$$00000000) refers (Special) to entry11a.o(.ARM.Collect$$$$0000000F) for __rt_final_exit
    entry.o(.ARM.Collect$$$$00000000) refers (Special) to entry7b.o(.ARM.Collect$$$$00000008) for _main_clock
    entry.o(.ARM.Collect$$$$00000000) refers (Special) to entry8b.o(.ARM.Collect$$$$0000000A) for _main_cpp_init
    entry.o(.ARM.Collect$$$$00000000) refers (Special) to entry9a.o(.ARM.Collect$$$$0000000B) for _main_init
    entry.o(.ARM.Collect$$$$00000000) refers (Special) to entry5.o(.ARM.Collect$$$$00000004) for _main_scatterload
    entry.o(.ARM.Collect$$$$00000000) refers (Special) to entry2.o(.ARM.Collect$$$$00000001) for _main_stk
    printfb.o(i.__0fprintf$bare) refers to printfb.o(i._printf_core) for _printf_core
    printfb.o(i.__0fprintf$bare) refers to retarget.o(i.fputc) for fputc
    printfb.o(i.__0printf$bare) refers to printfb.o(i._printf_core) for _printf_core
    printfb.o(i.__0printf$bare) refers to retarget.o(i.fputc) for fputc
    printfb.o(i.__0printf$bare) refers to retarget.o(.data) for __stdout
    printfb.o(i.__0snprintf$bare) refers to printfb.o(i._printf_core) for _printf_core
    printfb.o(i.__0snprintf$bare) refers to printfb.o(i._snputc) for _snputc
    printfb.o(i.__0sprintf$bare) refers to printfb.o(i._printf_core) for _printf_core
    printfb.o(i.__0sprintf$bare) refers to printfb.o(i._sputc) for _sputc
    printfb.o(i.__0vfprintf$bare) refers to printfb.o(i._printf_core) for _printf_core
    printfb.o(i.__0vfprintf$bare) refers to retarget.o(i.fputc) for fputc
    printfb.o(i.__0vprintf$bare) refers to printfb.o(i._printf_core) for _printf_core
    printfb.o(i.__0vprintf$bare) refers to retarget.o(i.fputc) for fputc
    printfb.o(i.__0vprintf$bare) refers to retarget.o(.data) for __stdout
    printfb.o(i.__0vsnprintf$bare) refers to printfb.o(i._printf_core) for _printf_core
    printfb.o(i.__0vsnprintf$bare) refers to printfb.o(i._snputc) for _snputc
    printfb.o(i.__0vsprintf$bare) refers to printfb.o(i._printf_core) for _printf_core
    printfb.o(i.__0vsprintf$bare) refers to printfb.o(i._sputc) for _sputc
    printf0.o(i.__0fprintf$0) refers to printf0.o(i._printf_core) for _printf_core
    printf0.o(i.__0fprintf$0) refers to retarget.o(i.fputc) for fputc
    printf0.o(i.__0printf$0) refers to printf0.o(i._printf_core) for _printf_core
    printf0.o(i.__0printf$0) refers to retarget.o(i.fputc) for fputc
    printf0.o(i.__0printf$0) refers to retarget.o(.data) for __stdout
    printf0.o(i.__0snprintf$0) refers to printf0.o(i._printf_core) for _printf_core
    printf0.o(i.__0snprintf$0) refers to printf0.o(i._snputc) for _snputc
    printf0.o(i.__0sprintf$0) refers to printf0.o(i._printf_core) for _printf_core
    printf0.o(i.__0sprintf$0) refers to printf0.o(i._sputc) for _sputc
    printf0.o(i.__0vfprintf$0) refers to printf0.o(i._printf_core) for _printf_core
    printf0.o(i.__0vfprintf$0) refers to retarget.o(i.fputc) for fputc
    printf0.o(i.__0vprintf$0) refers to printf0.o(i._printf_core) for _printf_core
    printf0.o(i.__0vprintf$0) refers to retarget.o(i.fputc) for fputc
    printf0.o(i.__0vprintf$0) refers to retarget.o(.data) for __stdout
    printf0.o(i.__0vsnprintf$0) refers to printf0.o(i._printf_core) for _printf_core
    printf0.o(i.__0vsnprintf$0) refers to printf0.o(i._snputc) for _snputc
    printf0.o(i.__0vsprintf$0) refers to printf0.o(i._printf_core) for _printf_core
    printf0.o(i.__0vsprintf$0) refers to printf0.o(i._sputc) for _sputc
    printf1.o(i.__0fprintf$1) refers to printf1.o(i._printf_core) for _printf_core
    printf1.o(i.__0fprintf$1) refers to retarget.o(i.fputc) for fputc
    printf1.o(i.__0printf$1) refers to printf1.o(i._printf_core) for _printf_core
    printf1.o(i.__0printf$1) refers to retarget.o(i.fputc) for fputc
    printf1.o(i.__0printf$1) refers to retarget.o(.data) for __stdout
    printf1.o(i.__0snprintf$1) refers to printf1.o(i._printf_core) for _printf_core
    printf1.o(i.__0snprintf$1) refers to printf1.o(i._snputc) for _snputc
    printf1.o(i.__0sprintf$1) refers to printf1.o(i._printf_core) for _printf_core
    printf1.o(i.__0sprintf$1) refers to printf1.o(i._sputc) for _sputc
    printf1.o(i.__0vfprintf$1) refers to printf1.o(i._printf_core) for _printf_core
    printf1.o(i.__0vfprintf$1) refers to retarget.o(i.fputc) for fputc
    printf1.o(i.__0vprintf$1) refers to printf1.o(i._printf_core) for _printf_core
    printf1.o(i.__0vprintf$1) refers to retarget.o(i.fputc) for fputc
    printf1.o(i.__0vprintf$1) refers to retarget.o(.data) for __stdout
    printf1.o(i.__0vsnprintf$1) refers to printf1.o(i._printf_core) for _printf_core
    printf1.o(i.__0vsnprintf$1) refers to printf1.o(i._snputc) for _snputc
    printf1.o(i.__0vsprintf$1) refers to printf1.o(i._printf_core) for _printf_core
    printf1.o(i.__0vsprintf$1) refers to printf1.o(i._sputc) for _sputc
    printf1.o(i._printf_core) refers to uidiv.o(.text) for __aeabi_uidivmod
    printf2.o(i.__0fprintf$2) refers to printf2.o(i._printf_core) for _printf_core
    printf2.o(i.__0fprintf$2) refers to retarget.o(i.fputc) for fputc
    printf2.o(i.__0printf$2) refers to printf2.o(i._printf_core) for _printf_core
    printf2.o(i.__0printf$2) refers to retarget.o(i.fputc) for fputc
    printf2.o(i.__0printf$2) refers to retarget.o(.data) for __stdout
    printf2.o(i.__0snprintf$2) refers to printf2.o(i._printf_core) for _printf_core
    printf2.o(i.__0snprintf$2) refers to printf2.o(i._snputc) for _snputc
    printf2.o(i.__0sprintf$2) refers to printf2.o(i._printf_core) for _printf_core
    printf2.o(i.__0sprintf$2) refers to printf2.o(i._sputc) for _sputc
    printf2.o(i.__0vfprintf$2) refers to printf2.o(i._printf_core) for _printf_core
    printf2.o(i.__0vfprintf$2) refers to retarget.o(i.fputc) for fputc
    printf2.o(i.__0vprintf$2) refers to printf2.o(i._printf_core) for _printf_core
    printf2.o(i.__0vprintf$2) refers to retarget.o(i.fputc) for fputc
    printf2.o(i.__0vprintf$2) refers to retarget.o(.data) for __stdout
    printf2.o(i.__0vsnprintf$2) refers to printf2.o(i._printf_core) for _printf_core
    printf2.o(i.__0vsnprintf$2) refers to printf2.o(i._snputc) for _snputc
    printf2.o(i.__0vsprintf$2) refers to printf2.o(i._printf_core) for _printf_core
    printf2.o(i.__0vsprintf$2) refers to printf2.o(i._sputc) for _sputc
    printf3.o(i.__0fprintf$3) refers to printf3.o(i._printf_core) for _printf_core
    printf3.o(i.__0fprintf$3) refers to retarget.o(i.fputc) for fputc
    printf3.o(i.__0printf$3) refers to printf3.o(i._printf_core) for _printf_core
    printf3.o(i.__0printf$3) refers to retarget.o(i.fputc) for fputc
    printf3.o(i.__0printf$3) refers to retarget.o(.data) for __stdout
    printf3.o(i.__0snprintf$3) refers to printf3.o(i._printf_core) for _printf_core
    printf3.o(i.__0snprintf$3) refers to printf3.o(i._snputc) for _snputc
    printf3.o(i.__0sprintf$3) refers to printf3.o(i._printf_core) for _printf_core
    printf3.o(i.__0sprintf$3) refers to printf3.o(i._sputc) for _sputc
    printf3.o(i.__0vfprintf$3) refers to printf3.o(i._printf_core) for _printf_core
    printf3.o(i.__0vfprintf$3) refers to retarget.o(i.fputc) for fputc
    printf3.o(i.__0vprintf$3) refers to printf3.o(i._printf_core) for _printf_core
    printf3.o(i.__0vprintf$3) refers to retarget.o(i.fputc) for fputc
    printf3.o(i.__0vprintf$3) refers to retarget.o(.data) for __stdout
    printf3.o(i.__0vsnprintf$3) refers to printf3.o(i._printf_core) for _printf_core
    printf3.o(i.__0vsnprintf$3) refers to printf3.o(i._snputc) for _snputc
    printf3.o(i.__0vsprintf$3) refers to printf3.o(i._printf_core) for _printf_core
    printf3.o(i.__0vsprintf$3) refers to printf3.o(i._sputc) for _sputc
    printf3.o(i._printf_core) refers to uidiv.o(.text) for __aeabi_uidivmod
    printf4.o(i.__0fprintf$4) refers to printf4.o(i._printf_core) for _printf_core
    printf4.o(i.__0fprintf$4) refers to retarget.o(i.fputc) for fputc
    printf4.o(i.__0printf$4) refers to printf4.o(i._printf_core) for _printf_core
    printf4.o(i.__0printf$4) refers to retarget.o(i.fputc) for fputc
    printf4.o(i.__0printf$4) refers to retarget.o(.data) for __stdout
    printf4.o(i.__0snprintf$4) refers to printf4.o(i._printf_core) for _printf_core
    printf4.o(i.__0snprintf$4) refers to printf4.o(i._snputc) for _snputc
    printf4.o(i.__0sprintf$4) refers to printf4.o(i._printf_core) for _printf_core
    printf4.o(i.__0sprintf$4) refers to printf4.o(i._sputc) for _sputc
    printf4.o(i.__0vfprintf$4) refers to printf4.o(i._printf_core) for _printf_core
    printf4.o(i.__0vfprintf$4) refers to retarget.o(i.fputc) for fputc
    printf4.o(i.__0vprintf$4) refers to printf4.o(i._printf_core) for _printf_core
    printf4.o(i.__0vprintf$4) refers to retarget.o(i.fputc) for fputc
    printf4.o(i.__0vprintf$4) refers to retarget.o(.data) for __stdout
    printf4.o(i.__0vsnprintf$4) refers to printf4.o(i._printf_core) for _printf_core
    printf4.o(i.__0vsnprintf$4) refers to printf4.o(i._snputc) for _snputc
    printf4.o(i.__0vsprintf$4) refers to printf4.o(i._printf_core) for _printf_core
    printf4.o(i.__0vsprintf$4) refers to printf4.o(i._sputc) for _sputc
    printf4.o(i._printf_core) refers to uldiv.o(.text) for __aeabi_uldivmod
    printf5.o(i.__0fprintf$5) refers to printf5.o(i._printf_core) for _printf_core
    printf5.o(i.__0fprintf$5) refers to retarget.o(i.fputc) for fputc
    printf5.o(i.__0printf$5) refers to printf5.o(i._printf_core) for _printf_core
    printf5.o(i.__0printf$5) refers to retarget.o(i.fputc) for fputc
    printf5.o(i.__0printf$5) refers to retarget.o(.data) for __stdout
    printf5.o(i.__0snprintf$5) refers to printf5.o(i._printf_core) for _printf_core
    printf5.o(i.__0snprintf$5) refers to printf5.o(i._snputc) for _snputc
    printf5.o(i.__0sprintf$5) refers to printf5.o(i._printf_core) for _printf_core
    printf5.o(i.__0sprintf$5) refers to printf5.o(i._sputc) for _sputc
    printf5.o(i.__0vfprintf$5) refers to printf5.o(i._printf_core) for _printf_core
    printf5.o(i.__0vfprintf$5) refers to retarget.o(i.fputc) for fputc
    printf5.o(i.__0vprintf$5) refers to printf5.o(i._printf_core) for _printf_core
    printf5.o(i.__0vprintf$5) refers to retarget.o(i.fputc) for fputc
    printf5.o(i.__0vprintf$5) refers to retarget.o(.data) for __stdout
    printf5.o(i.__0vsnprintf$5) refers to printf5.o(i._printf_core) for _printf_core
    printf5.o(i.__0vsnprintf$5) refers to printf5.o(i._snputc) for _snputc
    printf5.o(i.__0vsprintf$5) refers to printf5.o(i._printf_core) for _printf_core
    printf5.o(i.__0vsprintf$5) refers to printf5.o(i._sputc) for _sputc
    printf5.o(i._printf_core) refers to uldiv.o(.text) for __aeabi_uldivmod
    printf6.o(i.__0fprintf$6) refers to printf6.o(i._printf_core) for _printf_core
    printf6.o(i.__0fprintf$6) refers to retarget.o(i.fputc) for fputc
    printf6.o(i.__0printf$6) refers to printf6.o(i._printf_core) for _printf_core
    printf6.o(i.__0printf$6) refers to retarget.o(i.fputc) for fputc
    printf6.o(i.__0printf$6) refers to retarget.o(.data) for __stdout
    printf6.o(i.__0snprintf$6) refers to printf6.o(i._printf_core) for _printf_core
    printf6.o(i.__0snprintf$6) refers to printf6.o(i._snputc) for _snputc
    printf6.o(i.__0sprintf$6) refers to printf6.o(i._printf_core) for _printf_core
    printf6.o(i.__0sprintf$6) refers to printf6.o(i._sputc) for _sputc
    printf6.o(i.__0vfprintf$6) refers to printf6.o(i._printf_core) for _printf_core
    printf6.o(i.__0vfprintf$6) refers to retarget.o(i.fputc) for fputc
    printf6.o(i.__0vprintf$6) refers to printf6.o(i._printf_core) for _printf_core
    printf6.o(i.__0vprintf$6) refers to retarget.o(i.fputc) for fputc
    printf6.o(i.__0vprintf$6) refers to retarget.o(.data) for __stdout
    printf6.o(i.__0vsnprintf$6) refers to printf6.o(i._printf_core) for _printf_core
    printf6.o(i.__0vsnprintf$6) refers to printf6.o(i._snputc) for _snputc
    printf6.o(i.__0vsprintf$6) refers to printf6.o(i._printf_core) for _printf_core
    printf6.o(i.__0vsprintf$6) refers to printf6.o(i._sputc) for _sputc
    printf6.o(i._printf_core) refers to printf6.o(i._printf_pre_padding) for _printf_pre_padding
    printf6.o(i._printf_core) refers to printf6.o(i._printf_post_padding) for _printf_post_padding
    printf6.o(i._printf_core) refers to uidiv.o(.text) for __aeabi_uidivmod
    printf7.o(i.__0fprintf$7) refers to printf7.o(i._printf_core) for _printf_core
    printf7.o(i.__0fprintf$7) refers to retarget.o(i.fputc) for fputc
    printf7.o(i.__0printf$7) refers to printf7.o(i._printf_core) for _printf_core
    printf7.o(i.__0printf$7) refers to retarget.o(i.fputc) for fputc
    printf7.o(i.__0printf$7) refers to retarget.o(.data) for __stdout
    printf7.o(i.__0snprintf$7) refers to printf7.o(i._printf_core) for _printf_core
    printf7.o(i.__0snprintf$7) refers to printf7.o(i._snputc) for _snputc
    printf7.o(i.__0sprintf$7) refers to printf7.o(i._printf_core) for _printf_core
    printf7.o(i.__0sprintf$7) refers to printf7.o(i._sputc) for _sputc
    printf7.o(i.__0vfprintf$7) refers to printf7.o(i._printf_core) for _printf_core
    printf7.o(i.__0vfprintf$7) refers to retarget.o(i.fputc) for fputc
    printf7.o(i.__0vprintf$7) refers to printf7.o(i._printf_core) for _printf_core
    printf7.o(i.__0vprintf$7) refers to retarget.o(i.fputc) for fputc
    printf7.o(i.__0vprintf$7) refers to retarget.o(.data) for __stdout
    printf7.o(i.__0vsnprintf$7) refers to printf7.o(i._printf_core) for _printf_core
    printf7.o(i.__0vsnprintf$7) refers to printf7.o(i._snputc) for _snputc
    printf7.o(i.__0vsprintf$7) refers to printf7.o(i._printf_core) for _printf_core
    printf7.o(i.__0vsprintf$7) refers to printf7.o(i._sputc) for _sputc
    printf7.o(i._printf_core) refers to printf7.o(i._printf_pre_padding) for _printf_pre_padding
    printf7.o(i._printf_core) refers to printf7.o(i._printf_post_padding) for _printf_post_padding
    printf7.o(i._printf_core) refers to uldiv.o(.text) for __aeabi_uldivmod
    printf8.o(i.__0fprintf$8) refers to printf8.o(i._printf_core) for _printf_core
    printf8.o(i.__0fprintf$8) refers to retarget.o(i.fputc) for fputc
    printf8.o(i.__0printf$8) refers to printf8.o(i._printf_core) for _printf_core
    printf8.o(i.__0printf$8) refers to retarget.o(i.fputc) for fputc
    printf8.o(i.__0printf$8) refers to retarget.o(.data) for __stdout
    printf8.o(i.__0snprintf$8) refers to printf8.o(i._printf_core) for _printf_core
    printf8.o(i.__0snprintf$8) refers to printf8.o(i._snputc) for _snputc
    printf8.o(i.__0sprintf$8) refers to printf8.o(i._printf_core) for _printf_core
    printf8.o(i.__0sprintf$8) refers to printf8.o(i._sputc) for _sputc
    printf8.o(i.__0vfprintf$8) refers to printf8.o(i._printf_core) for _printf_core
    printf8.o(i.__0vfprintf$8) refers to retarget.o(i.fputc) for fputc
    printf8.o(i.__0vprintf$8) refers to printf8.o(i._printf_core) for _printf_core
    printf8.o(i.__0vprintf$8) refers to retarget.o(i.fputc) for fputc
    printf8.o(i.__0vprintf$8) refers to retarget.o(.data) for __stdout
    printf8.o(i.__0vsnprintf$8) refers to printf8.o(i._printf_core) for _printf_core
    printf8.o(i.__0vsnprintf$8) refers to printf8.o(i._snputc) for _snputc
    printf8.o(i.__0vsprintf$8) refers to printf8.o(i._printf_core) for _printf_core
    printf8.o(i.__0vsprintf$8) refers to printf8.o(i._sputc) for _sputc
    printf8.o(i._printf_core) refers to printf8.o(i._printf_pre_padding) for _printf_pre_padding
    printf8.o(i._printf_core) refers to printf8.o(i._printf_post_padding) for _printf_post_padding
    printf8.o(i._printf_core) refers to uldiv.o(.text) for __aeabi_uldivmod
    printfa.o(i.__0fprintf) refers (Special) to iusefp.o(.text) for __I$use$fp
    printfa.o(i.__0fprintf) refers to printfa.o(i._printf_core) for _printf_core
    printfa.o(i.__0fprintf) refers to retarget.o(i.fputc) for fputc
    printfa.o(i.__0printf) refers (Special) to iusefp.o(.text) for __I$use$fp
    printfa.o(i.__0printf) refers to printfa.o(i._printf_core) for _printf_core
    printfa.o(i.__0printf) refers to retarget.o(i.fputc) for fputc
    printfa.o(i.__0printf) refers to retarget.o(.data) for __stdout
    printfa.o(i.__0snprintf) refers (Special) to iusefp.o(.text) for __I$use$fp
    printfa.o(i.__0snprintf) refers to printfa.o(i._printf_core) for _printf_core
    printfa.o(i.__0snprintf) refers to printfa.o(i._snputc) for _snputc
    printfa.o(i.__0sprintf) refers (Special) to iusefp.o(.text) for __I$use$fp
    printfa.o(i.__0sprintf) refers to printfa.o(i._printf_core) for _printf_core
    printfa.o(i.__0sprintf) refers to printfa.o(i._sputc) for _sputc
    printfa.o(i.__0vfprintf) refers (Special) to iusefp.o(.text) for __I$use$fp
    printfa.o(i.__0vfprintf) refers to printfa.o(i._printf_core) for _printf_core
    printfa.o(i.__0vfprintf) refers to retarget.o(i.fputc) for fputc
    printfa.o(i.__0vprintf) refers (Special) to iusefp.o(.text) for __I$use$fp
    printfa.o(i.__0vprintf) refers to printfa.o(i._printf_core) for _printf_core
    printfa.o(i.__0vprintf) refers to retarget.o(i.fputc) for fputc
    printfa.o(i.__0vprintf) refers to retarget.o(.data) for __stdout
    printfa.o(i.__0vsnprintf) refers (Special) to iusefp.o(.text) for __I$use$fp
    printfa.o(i.__0vsnprintf) refers to printfa.o(i._printf_core) for _printf_core
    printfa.o(i.__0vsnprintf) refers to printfa.o(i._snputc) for _snputc
    printfa.o(i.__0vsprintf) refers (Special) to iusefp.o(.text) for __I$use$fp
    printfa.o(i.__0vsprintf) refers to printfa.o(i._printf_core) for _printf_core
    printfa.o(i.__0vsprintf) refers to printfa.o(i._sputc) for _sputc
    printfa.o(i._fp_digits) refers (Special) to iusefp.o(.text) for __I$use$fp
    printfa.o(i._fp_digits) refers to dmul.o(.text) for __aeabi_dmul
    printfa.o(i._fp_digits) refers to ddiv.o(.text) for __aeabi_ddiv
    printfa.o(i._fp_digits) refers to cdrcmple.o(.text) for __aeabi_cdrcmple
    printfa.o(i._fp_digits) refers to dadd.o(.text) for __aeabi_dadd
    printfa.o(i._fp_digits) refers to dfixul.o(.text) for __aeabi_d2ulz
    printfa.o(i._fp_digits) refers to uldiv.o(.text) for __aeabi_uldivmod
    printfa.o(i._printf_core) refers (Special) to iusefp.o(.text) for __I$use$fp
    printfa.o(i._printf_core) refers to printfa.o(i._printf_pre_padding) for _printf_pre_padding
    printfa.o(i._printf_core) refers to uldiv.o(.text) for __aeabi_uldivmod
    printfa.o(i._printf_core) refers to printfa.o(i._printf_post_padding) for _printf_post_padding
    printfa.o(i._printf_core) refers to printfa.o(i._fp_digits) for _fp_digits
    printfa.o(i._printf_core) refers to uidiv.o(.text) for __aeabi_uidivmod
    printfa.o(i._printf_post_padding) refers (Special) to iusefp.o(.text) for __I$use$fp
    printfa.o(i._printf_pre_padding) refers (Special) to iusefp.o(.text) for __I$use$fp
    printfa.o(i._snputc) refers (Special) to iusefp.o(.text) for __I$use$fp
    printfa.o(i._sputc) refers (Special) to iusefp.o(.text) for __I$use$fp
    entry2.o(.ARM.Collect$$$$00000001) refers to entry2.o(.ARM.Collect$$$$00002712) for __lit__00000000
    entry2.o(.ARM.Collect$$$$00002712) refers to arm_startup_nrf51.o(STACK) for __initial_sp
    entry2.o(__vectab_stack_and_reset_area) refers to arm_startup_nrf51.o(STACK) for __initial_sp
    entry2.o(__vectab_stack_and_reset_area) refers to entry.o(.ARM.Collect$$$$00000000) for __main
    entry5.o(.ARM.Collect$$$$00000004) refers to init.o(.text) for __scatterload
    entry9a.o(.ARM.Collect$$$$0000000B) refers to main.o(i.main) for main
    entry9b.o(.ARM.Collect$$$$0000000C) refers to main.o(i.main) for main
    uldiv.o(.text) refers to llushr.o(.text) for __aeabi_llsr
    uldiv.o(.text) refers to llshl.o(.text) for __aeabi_llsl
    dadd.o(.text) refers to llshl.o(.text) for __aeabi_llsl
    dadd.o(.text) refers to llsshr.o(.text) for __aeabi_lasr
    dadd.o(.text) refers to depilogue.o(.text) for _double_epilogue
    dmul.o(.text) refers to depilogue.o(.text) for _double_epilogue
    ddiv.o(.text) refers to depilogue.o(.text) for _double_round
    dfixul.o(.text) refers to llushr.o(.text) for __aeabi_llsr
    dfixul.o(.text) refers to llshl.o(.text) for __aeabi_llsl
    init.o(.text) refers to entry5.o(.ARM.Collect$$$$00000004) for __main_after_scatterload
    depilogue.o(.text) refers to depilogue.o(i.__ARM_clz) for __ARM_clz
    depilogue.o(.text) refers to llshl.o(.text) for __aeabi_llsl
    depilogue.o(.text) refers to llushr.o(.text) for __aeabi_llsr


==============================================================================

Removing Unused input sections from the image.

    Removing main.o(.rev16_text), (4 bytes).
    Removing main.o(.revsh_text), (4 bytes).
    Removing timer_handler.o(.rev16_text), (4 bytes).
    Removing timer_handler.o(.revsh_text), (4 bytes).
    Removing uart_handler.o(.rev16_text), (4 bytes).
    Removing uart_handler.o(.revsh_text), (4 bytes).
    Removing bsp.o(.rev16_text), (4 bytes).
    Removing bsp.o(.revsh_text), (4 bytes).
    Removing bsp.o(i.alert_timer_handler), (24 bytes).
    Removing bsp.o(i.bsp_button_event_handler), (156 bytes).
    Removing bsp.o(i.bsp_button_is_pressed), (44 bytes).
    Removing bsp.o(i.bsp_buttons_disable), (8 bytes).
    Removing bsp.o(i.bsp_buttons_enable), (8 bytes).
    Removing bsp.o(i.bsp_buttons_state_get), (60 bytes).
    Removing bsp.o(i.bsp_event_to_button_action_assign), (72 bytes).
    Removing bsp.o(i.bsp_indication_set), (28 bytes).
    Removing bsp.o(i.bsp_indication_text_set), (8 bytes).
    Removing bsp.o(i.bsp_init), (160 bytes).
    Removing bsp.o(i.bsp_led_indication), (496 bytes).
    Removing bsp.o(i.bsp_wakeup_buttons_set), (60 bytes).
    Removing bsp.o(i.button_timer_handler), (12 bytes).
    Removing bsp.o(i.leds_timer_handler), (24 bytes).
    Removing bsp.o(.bss), (12 bytes).
    Removing bsp.o(.constdata), (48 bytes).
    Removing bsp.o(.data), (32 bytes).
    Removing arm_startup_nrf51.o(HEAP), (2048 bytes).
    Removing system_nrf51.o(.rev16_text), (4 bytes).
    Removing system_nrf51.o(.revsh_text), (4 bytes).
    Removing system_nrf51.o(i.SystemCoreClockUpdate), (16 bytes).
    Removing ble_srv_common.o(i.ble_srv_ascii_to_utf8), (18 bytes).
    Removing ble_srv_common.o(i.ble_srv_report_ref_encode), (12 bytes).
    Removing ble_advdata.o(i.adv_data_encode), (330 bytes).
    Removing ble_advdata.o(i.ble_advdata_set), (90 bytes).
    Removing ble_advdata.o(i.conn_int_encode), (132 bytes).
    Removing ble_advdata.o(i.manuf_specific_data_encode), (100 bytes).
    Removing ble_advdata.o(i.name_encode), (106 bytes).
    Removing ble_advdata.o(i.service_data_encode), (124 bytes).
    Removing ble_advdata.o(i.uint16_encode), (10 bytes).
    Removing ble_advdata.o(i.uuid_list_encode), (38 bytes).
    Removing ble_advdata.o(i.uuid_list_sized_encode), (162 bytes).
    Removing ble_conn_params.o(i.ble_conn_params_change_conn_params), (80 bytes).
    Removing ble_conn_params.o(i.ble_conn_params_init), (84 bytes).
    Removing ble_conn_params.o(i.ble_conn_params_on_ble_evt), (144 bytes).
    Removing ble_conn_params.o(i.ble_conn_params_stop), (16 bytes).
    Removing ble_conn_params.o(i.conn_params_negotiation), (100 bytes).
    Removing ble_conn_params.o(i.is_conn_params_ok), (28 bytes).
    Removing ble_conn_params.o(i.update_timeout_handler), (100 bytes).
    Removing ble_conn_params.o(.bss), (28 bytes).
    Removing ble_conn_params.o(.data), (24 bytes).
    Removing nrf_drv_common.o(.rev16_text), (4 bytes).
    Removing nrf_drv_common.o(.revsh_text), (4 bytes).
    Removing nrf_drv_gpiote.o(.rev16_text), (4 bytes).
    Removing nrf_drv_gpiote.o(.revsh_text), (4 bytes).
    Removing nrf_drv_gpiote.o(i.nrf_drv_gpiote_in_event_addr_get), (24 bytes).
    Removing nrf_drv_gpiote.o(i.nrf_drv_gpiote_in_event_disable), (84 bytes).
    Removing nrf_drv_gpiote.o(i.nrf_drv_gpiote_in_uninit), (80 bytes).
    Removing nrf_drv_gpiote.o(i.nrf_drv_gpiote_out_clear), (16 bytes).
    Removing nrf_drv_gpiote.o(i.nrf_drv_gpiote_out_set), (16 bytes).
    Removing nrf_drv_gpiote.o(i.nrf_drv_gpiote_out_task_addr_get), (20 bytes).
    Removing nrf_drv_gpiote.o(i.nrf_drv_gpiote_out_task_disable), (32 bytes).
    Removing nrf_drv_gpiote.o(i.nrf_drv_gpiote_out_task_enable), (48 bytes).
    Removing nrf_drv_gpiote.o(i.nrf_drv_gpiote_out_task_force), (48 bytes).
    Removing nrf_drv_gpiote.o(i.nrf_drv_gpiote_out_task_trigger), (24 bytes).
    Removing nrf_drv_gpiote.o(i.nrf_drv_gpiote_out_toggle), (28 bytes).
    Removing nrf_drv_gpiote.o(i.nrf_drv_gpiote_out_uninit), (48 bytes).
    Removing nrf_drv_gpiote.o(i.nrf_drv_gpiote_uninit), (52 bytes).
    Removing nrf_delay.o(.rev16_text), (4 bytes).
    Removing nrf_delay.o(.revsh_text), (4 bytes).
    Removing nrf_delay.o(.emb_text), (30 bytes).
    Removing nrf_delay.o(i.nrf_delay_ms), (28 bytes).
    Removing app_uart_fifo.o(.rev16_text), (4 bytes).
    Removing app_uart_fifo.o(.revsh_text), (4 bytes).
    Removing app_uart_fifo.o(i.app_uart_close), (36 bytes).
    Removing app_uart_fifo.o(i.app_uart_flush), (28 bytes).
    Removing app_uart_fifo.o(i.app_uart_get), (16 bytes).
    Removing app_uart_fifo.o(i.app_uart_get_connection_state), (20 bytes).
    Removing app_button.o(.rev16_text), (4 bytes).
    Removing app_button.o(.revsh_text), (4 bytes).
    Removing app_button.o(i.app_button_disable), (40 bytes).
    Removing app_button.o(i.app_button_enable), (36 bytes).
    Removing app_button.o(i.app_button_init), (120 bytes).
    Removing app_button.o(i.app_button_is_pushed), (44 bytes).
    Removing app_button.o(i.detection_delay_timeout_handler), (96 bytes).
    Removing app_button.o(i.gpiote_event_handler), (76 bytes).
    Removing app_button.o(.constdata), (4 bytes).
    Removing app_button.o(.data), (24 bytes).
    Removing app_error.o(.rev16_text), (4 bytes).
    Removing app_error.o(.revsh_text), (4 bytes).
    Removing app_fifo.o(i.app_fifo_flush), (8 bytes).
    Removing app_timer.o(.rev16_text), (4 bytes).
    Removing app_timer.o(.revsh_text), (4 bytes).
    Removing app_timer.o(i.app_timer_cnt_diff_compute), (12 bytes).
    Removing app_timer.o(i.app_timer_cnt_get), (16 bytes).
    Removing app_timer.o(i.app_timer_create), (76 bytes).
    Removing app_timer.o(i.app_timer_start), (132 bytes).
    Removing app_timer.o(i.app_timer_stop), (88 bytes).
    Removing app_timer.o(i.app_timer_stop_all), (68 bytes).
    Removing app_timer.o(i.user_id_get), (84 bytes).
    Removing app_timer.o(i.user_op_alloc), (36 bytes).
    Removing retarget.o(.rev16_text), (4 bytes).
    Removing retarget.o(.revsh_text), (4 bytes).
    Removing retarget.o(i.fgetc), (18 bytes).
    Removing retarget.o(.data), (4 bytes).
    Removing softdevice_handler.o(.rev16_text), (4 bytes).
    Removing softdevice_handler.o(.revsh_text), (4 bytes).
    Removing softdevice_handler.o(i.softdevice_handler_sd_disable), (24 bytes).
    Removing softdevice_handler.o(i.softdevice_sys_evt_handler_set), (20 bytes).
    Removing dadd.o(.text), (356 bytes).
    Removing dmul.o(.text), (208 bytes).
    Removing ddiv.o(.text), (240 bytes).
    Removing dfixul.o(.text), (64 bytes).
    Removing cdrcmple.o(.text), (40 bytes).
    Removing depilogue.o(.text), (190 bytes).
    Removing depilogue.o(i.__ARM_clz), (46 bytes).

114 unused section(s) (total 8002 bytes) removed from the image.

==============================================================================

Image Symbol Table

    Local Symbols

    Symbol Name                              Value     Ov Type        Size  Object(Section)

    ../clib/microlib/division.c              0x00000000   Number         0  uidiv.o ABSOLUTE
    ../clib/microlib/division.c              0x00000000   Number         0  uldiv.o ABSOLUTE
    ../clib/microlib/init/entry.s            0x00000000   Number         0  entry.o ABSOLUTE
    ../clib/microlib/init/entry.s            0x00000000   Number         0  entry9a.o ABSOLUTE
    ../clib/microlib/init/entry.s            0x00000000   Number         0  entry7b.o ABSOLUTE
    ../clib/microlib/init/entry.s            0x00000000   Number         0  entry7a.o ABSOLUTE
    ../clib/microlib/init/entry.s            0x00000000   Number         0  entry5.o ABSOLUTE
    ../clib/microlib/init/entry.s            0x00000000   Number         0  entry2.o ABSOLUTE
    ../clib/microlib/init/entry.s            0x00000000   Number         0  entry10b.o ABSOLUTE
    ../clib/microlib/init/entry.s            0x00000000   Number         0  entry11b.o ABSOLUTE
    ../clib/microlib/init/entry.s            0x00000000   Number         0  entry8a.o ABSOLUTE
    ../clib/microlib/init/entry.s            0x00000000   Number         0  entry9b.o ABSOLUTE
    ../clib/microlib/init/entry.s            0x00000000   Number         0  entry8b.o ABSOLUTE
    ../clib/microlib/init/entry.s            0x00000000   Number         0  entry11a.o ABSOLUTE
    ../clib/microlib/init/entry.s            0x00000000   Number         0  entry10a.o ABSOLUTE
    ../clib/microlib/longlong.c              0x00000000   Number         0  llsshr.o ABSOLUTE
    ../clib/microlib/longlong.c              0x00000000   Number         0  llshl.o ABSOLUTE
    ../clib/microlib/longlong.c              0x00000000   Number         0  llushr.o ABSOLUTE
    ../clib/microlib/printf/printf.c         0x00000000   Number         0  printfa.o ABSOLUTE
    ../clib/microlib/printf/printf.c         0x00000000   Number         0  printf7.o ABSOLUTE
    ../clib/microlib/printf/printf.c         0x00000000   Number         0  printf6.o ABSOLUTE
    ../clib/microlib/printf/printf.c         0x00000000   Number         0  printf5.o ABSOLUTE
    ../clib/microlib/printf/printf.c         0x00000000   Number         0  printf4.o ABSOLUTE
    ../clib/microlib/printf/printf.c         0x00000000   Number         0  printf8.o ABSOLUTE
    ../clib/microlib/printf/printf.c         0x00000000   Number         0  printf3.o ABSOLUTE
    ../clib/microlib/printf/printf.c         0x00000000   Number         0  printf2.o ABSOLUTE
    ../clib/microlib/printf/printf.c         0x00000000   Number         0  printf0.o ABSOLUTE
    ../clib/microlib/printf/printf.c         0x00000000   Number         0  printfb.o ABSOLUTE
    ../clib/microlib/printf/printf.c         0x00000000   Number         0  printf1.o ABSOLUTE
    ../clib/microlib/string/memcpy.c         0x00000000   Number         0  memcpyb.o ABSOLUTE
    ../clib/microlib/string/memcpy.c         0x00000000   Number         0  memcpya.o ABSOLUTE
    ../clib/microlib/string/strlen.c         0x00000000   Number         0  strlen.o ABSOLUTE
    ../clib/microlib/stubs.s                 0x00000000   Number         0  iusefp.o ABSOLUTE
    ../fplib/microlib/fpadd.c                0x00000000   Number         0  dadd.o ABSOLUTE
    ../fplib/microlib/fpdiv.c                0x00000000   Number         0  ddiv.o ABSOLUTE
    ../fplib/microlib/fpepilogue.c           0x00000000   Number         0  depilogue.o ABSOLUTE
    ../fplib/microlib/fpfix.c                0x00000000   Number         0  dfixul.o ABSOLUTE
    ../fplib/microlib/fpmul.c                0x00000000   Number         0  dmul.o ABSOLUTE
    C:\Keil_v5\ARM\PACK\NordicSemiconductor\nRF_BLE\3.0.0\common\ble_srv_common.c 0x00000000   Number         0  ble_srv_common.o ABSOLUTE
    C:\Keil_v5\ARM\PACK\NordicSemiconductor\nRF_Drivers\3.0.0\common\nrf_drv_common.c 0x00000000   Number         0  nrf_drv_common.o ABSOLUTE
    C:\Keil_v5\ARM\PACK\NordicSemiconductor\nRF_Drivers\3.0.0\gpiote\nrf_drv_gpiote.c 0x00000000   Number         0  nrf_drv_gpiote.o ABSOLUTE
    C:\Keil_v5\ARM\PACK\NordicSemiconductor\nRF_Drivers\3.0.0\hal\nrf_delay.c 0x00000000   Number         0  nrf_delay.o ABSOLUTE
    C:\\Keil_v5\\ARM\\PACK\\NordicSemiconductor\\nRF_Drivers\\3.0.0\\common\\nrf_drv_common.c 0x00000000   Number         0  nrf_drv_common.o ABSOLUTE
    C:\\Keil_v5\\ARM\\PACK\\NordicSemiconductor\\nRF_Drivers\\3.0.0\\gpiote\\nrf_drv_gpiote.c 0x00000000   Number         0  nrf_drv_gpiote.o ABSOLUTE
    C:\\Keil_v5\\ARM\\PACK\\NordicSemiconductor\\nRF_Drivers\\3.0.0\\hal\\nrf_delay.c 0x00000000   Number         0  nrf_delay.o ABSOLUTE
    RTE\Board_Support\nRF51422_xxAC\bsp.c    0x00000000   Number         0  bsp.o ABSOLUTE
    RTE\Device\nRF51422_xxAC\arm_startup_nrf51.s 0x00000000   Number         0  arm_startup_nrf51.o ABSOLUTE
    RTE\Device\nRF51422_xxAC\system_nrf51.c  0x00000000   Number         0  system_nrf51.o ABSOLUTE
    RTE\\Board_Support\\nRF51422_xxAC\\bsp.c 0x00000000   Number         0  bsp.o ABSOLUTE
    RTE\\Device\\nRF51422_xxAC\\system_nrf51.c 0x00000000   Number         0  system_nrf51.o ABSOLUTE
    RTE\\nRF_Drivers\\nRF51422_xxAC\\app_uart_fifo.c 0x00000000   Number         0  app_uart_fifo.o ABSOLUTE
    RTE\\nRF_Libraries\\nRF51422_xxAC\\app_button.c 0x00000000   Number         0  app_button.o ABSOLUTE
    RTE\\nRF_Libraries\\nRF51422_xxAC\\app_error.c 0x00000000   Number         0  app_error.o ABSOLUTE
    RTE\\nRF_Libraries\\nRF51422_xxAC\\app_timer.c 0x00000000   Number         0  app_timer.o ABSOLUTE
    RTE\\nRF_Libraries\\nRF51422_xxAC\\retarget.c 0x00000000   Number         0  retarget.o ABSOLUTE
    RTE\\nRF_SoftDevice\\nRF51422_xxAC\\softdevice_handler.c 0x00000000   Number         0  softdevice_handler.o ABSOLUTE
    RTE\nRF_BLE\nRF51422_xxAC\ble_advdata.c  0x00000000   Number         0  ble_advdata.o ABSOLUTE
    RTE\nRF_BLE\nRF51422_xxAC\ble_conn_params.c 0x00000000   Number         0  ble_conn_params.o ABSOLUTE
    RTE\nRF_Drivers\nRF51422_xxAC\app_uart_fifo.c 0x00000000   Number         0  app_uart_fifo.o ABSOLUTE
    RTE\nRF_Libraries\nRF51422_xxAC\app_button.c 0x00000000   Number         0  app_button.o ABSOLUTE
    RTE\nRF_Libraries\nRF51422_xxAC\app_error.c 0x00000000   Number         0  app_error.o ABSOLUTE
    RTE\nRF_Libraries\nRF51422_xxAC\app_fifo.c 0x00000000   Number         0  app_fifo.o ABSOLUTE
    RTE\nRF_Libraries\nRF51422_xxAC\app_timer.c 0x00000000   Number         0  app_timer.o ABSOLUTE
    RTE\nRF_Libraries\nRF51422_xxAC\nrf_assert.c 0x00000000   Number         0  nrf_assert.o ABSOLUTE
    RTE\nRF_Libraries\nRF51422_xxAC\retarget.c 0x00000000   Number         0  retarget.o ABSOLUTE
    RTE\nRF_SoftDevice\nRF51422_xxAC\softdevice_handler.c 0x00000000   Number         0  softdevice_handler.o ABSOLUTE
    cdrcmple.s                               0x00000000   Number         0  cdrcmple.o ABSOLUTE
    dc.s                                     0x00000000   Number         0  dc.o ABSOLUTE
    handlers.s                               0x00000000   Number         0  handlers.o ABSOLUTE
    init.s                                   0x00000000   Number         0  init.o ABSOLUTE
    main.c                                   0x00000000   Number         0  main.o ABSOLUTE
    main.c                                   0x00000000   Number         0  main.o ABSOLUTE
    timer_handler.c                          0x00000000   Number         0  timer_handler.o ABSOLUTE
    timer_handler.c                          0x00000000   Number         0  timer_handler.o ABSOLUTE
    uart_handler.c                           0x00000000   Number         0  uart_handler.o ABSOLUTE
    uart_handler.c                           0x00000000   Number         0  uart_handler.o ABSOLUTE
    RESET                                    0x00018000   Section      192  arm_startup_nrf51.o(RESET)
    .ARM.Collect$$$$00000000                 0x000180c0   Section        0  entry.o(.ARM.Collect$$$$00000000)
    .ARM.Collect$$$$00000001                 0x000180c0   Section        4  entry2.o(.ARM.Collect$$$$00000001)
    .ARM.Collect$$$$00000004                 0x000180c4   Section        4  entry5.o(.ARM.Collect$$$$00000004)
    .ARM.Collect$$$$00000008                 0x000180c8   Section        0  entry7b.o(.ARM.Collect$$$$00000008)
    .ARM.Collect$$$$0000000A                 0x000180c8   Section        0  entry8b.o(.ARM.Collect$$$$0000000A)
    .ARM.Collect$$$$0000000B                 0x000180c8   Section        8  entry9a.o(.ARM.Collect$$$$0000000B)
    .ARM.Collect$$$$0000000D                 0x000180d0   Section        0  entry10a.o(.ARM.Collect$$$$0000000D)
    .ARM.Collect$$$$0000000F                 0x000180d0   Section        0  entry11a.o(.ARM.Collect$$$$0000000F)
    .ARM.Collect$$$$00002712                 0x000180d0   Section        4  entry2.o(.ARM.Collect$$$$00002712)
    __lit__00000000                          0x000180d0   Data           4  entry2.o(.ARM.Collect$$$$00002712)
    .emb_text                                0x000180d4   Section       30  app_timer.o(.emb_text)
    .text                                    0x000180f4   Section       56  arm_startup_nrf51.o(.text)
    .text                                    0x0001812c   Section       36  init.o(.text)
    i.GPIOTE_IRQHandler                      0x00018150   Section        0  nrf_drv_gpiote.o(i.GPIOTE_IRQHandler)
    i.NVIC_SetPriority                       0x00018254   Section        0  app_timer.o(i.NVIC_SetPriority)
    NVIC_SetPriority                         0x00018255   Thumb Code    60  app_timer.o(i.NVIC_SetPriority)
    i.RTC1_IRQHandler                        0x00018298   Section        0  app_timer.o(i.RTC1_IRQHandler)
    i.SWI0_IRQHandler                        0x000182b8   Section        0  app_timer.o(i.SWI0_IRQHandler)
    i.SWI2_IRQHandler                        0x0001830c   Section        0  softdevice_handler.o(i.SWI2_IRQHandler)
    i.SystemInit                             0x00018330   Section        0  system_nrf51.o(i.SystemInit)
    i.UART0_IRQHandler                       0x00018384   Section        0  app_uart_fifo.o(i.UART0_IRQHandler)
    i.__0printf$bare                         0x00018404   Section        0  printfb.o(i.__0printf$bare)
    i.__ARM_common_switch8                   0x00018418   Section        0  bsp.o(i.__ARM_common_switch8)
    i.__scatterload_copy                     0x00018432   Section       14  handlers.o(i.__scatterload_copy)
    i.__scatterload_null                     0x00018440   Section        2  handlers.o(i.__scatterload_null)
    i.__scatterload_zeroinit                 0x00018442   Section       14  handlers.o(i.__scatterload_zeroinit)
    i._printf_core                           0x00018450   Section        0  printfb.o(i._printf_core)
    _printf_core                             0x00018451   Thumb Code    30  printfb.o(i._printf_core)
    i.action_tx_send                         0x00018470   Section        0  app_uart_fifo.o(i.action_tx_send)
    action_tx_send                           0x00018471   Thumb Code    56  app_uart_fifo.o(i.action_tx_send)
    i.action_tx_stop                         0x000184bc   Section        0  app_uart_fifo.o(i.action_tx_stop)
    i.action_uart_deactivate                 0x000184e0   Section        0  app_uart_fifo.o(i.action_uart_deactivate)
    action_uart_deactivate                   0x000184e1   Thumb Code    20  app_uart_fifo.o(i.action_uart_deactivate)
    i.app_error_handler                      0x00018500   Section        0  app_error.o(i.app_error_handler)
    i.app_fifo_get                           0x0001851c   Section        0  app_fifo.o(i.app_fifo_get)
    i.app_fifo_init                          0x0001853e   Section        0  app_fifo.o(i.app_fifo_init)
    i.app_fifo_put                           0x00018562   Section        0  app_fifo.o(i.app_fifo_put)
    i.app_timer_init                         0x00018584   Section        0  app_timer.o(i.app_timer_init)
    i.app_uart_init                          0x00018638   Section        0  app_uart_fifo.o(i.app_uart_init)
    i.app_uart_put                           0x000187cc   Section        0  app_uart_fifo.o(i.app_uart_put)
    i.ble_evt_handler                        0x000187e8   Section        0  main.o(i.ble_evt_handler)
    ble_evt_handler                          0x000187e9   Thumb Code     2  main.o(i.ble_evt_handler)
    i.ble_stack_init                         0x000187ec   Section        0  main.o(i.ble_stack_init)
    i.channel_free                           0x0001883c   Section        0  nrf_drv_gpiote.o(i.channel_free)
    channel_free                             0x0001883d   Thumb Code    24  nrf_drv_gpiote.o(i.channel_free)
    i.channel_port_alloc                     0x00018858   Section        0  nrf_drv_gpiote.o(i.channel_port_alloc)
    channel_port_alloc                       0x00018859   Thumb Code    68  nrf_drv_gpiote.o(i.channel_port_alloc)
    i.channel_port_get                       0x000188a0   Section        0  nrf_drv_gpiote.o(i.channel_port_get)
    channel_port_get                         0x000188a1   Thumb Code    10  nrf_drv_gpiote.o(i.channel_port_get)
    i.compare_reg_update                     0x000188b0   Section        0  app_timer.o(i.compare_reg_update)
    compare_reg_update                       0x000188b1   Thumb Code   140  app_timer.o(i.compare_reg_update)
    i.elapsed_ticks_acquire                  0x00018954   Section        0  app_timer.o(i.elapsed_ticks_acquire)
    elapsed_ticks_acquire                    0x00018955   Thumb Code    58  app_timer.o(i.elapsed_ticks_acquire)
    i.expired_timers_handler                 0x00018994   Section        0  app_timer.o(i.expired_timers_handler)
    expired_timers_handler                   0x00018995   Thumb Code    82  app_timer.o(i.expired_timers_handler)
    i.fputc                                  0x000189ec   Section        0  retarget.o(i.fputc)
    i.gap_params_init                        0x000189fc   Section        0  main.o(i.gap_params_init)
    i.gpiote_uart_event_handler              0x00018a54   Section        0  app_uart_fifo.o(i.gpiote_uart_event_handler)
    gpiote_uart_event_handler                0x00018a55   Thumb Code    22  app_uart_fifo.o(i.gpiote_uart_event_handler)
    i.intern_softdevice_events_execute       0x00018a6c   Section        0  softdevice_handler.o(i.intern_softdevice_events_execute)
    i.is_manual_peripheral_setup_needed      0x00018aec   Section        0  system_nrf51.o(i.is_manual_peripheral_setup_needed)
    is_manual_peripheral_setup_needed        0x00018aed   Thumb Code    66  system_nrf51.o(i.is_manual_peripheral_setup_needed)
    i.list_deletions_handler                 0x00018b34   Section        0  app_timer.o(i.list_deletions_handler)
    list_deletions_handler                   0x00018b35   Thumb Code   144  app_timer.o(i.list_deletions_handler)
    i.list_insertions_handler                0x00018bc8   Section        0  app_timer.o(i.list_insertions_handler)
    list_insertions_handler                  0x00018bc9   Thumb Code   230  app_timer.o(i.list_insertions_handler)
    i.main                                   0x00018cb8   Section        0  main.o(i.main)
    i.nrf_drv_common_irq_enable              0x00018ce0   Section        0  nrf_drv_common.o(i.nrf_drv_common_irq_enable)
    i.nrf_drv_gpiote_in_event_enable         0x00018d40   Section        0  nrf_drv_gpiote.o(i.nrf_drv_gpiote_in_event_enable)
    i.nrf_drv_gpiote_in_init                 0x00018dcc   Section        0  nrf_drv_gpiote.o(i.nrf_drv_gpiote_in_init)
    i.nrf_drv_gpiote_in_is_set               0x00018e60   Section        0  nrf_drv_gpiote.o(i.nrf_drv_gpiote_in_is_set)
    i.nrf_drv_gpiote_init                    0x00018e74   Section        0  nrf_drv_gpiote.o(i.nrf_drv_gpiote_init)
    i.nrf_drv_gpiote_is_init                 0x00018ec4   Section        0  nrf_drv_gpiote.o(i.nrf_drv_gpiote_is_init)
    i.nrf_drv_gpiote_out_init                0x00018ed4   Section        0  nrf_drv_gpiote.o(i.nrf_drv_gpiote_out_init)
    i.nrf_gpio_cfg_sense_set                 0x00018f68   Section        0  nrf_drv_gpiote.o(i.nrf_gpio_cfg_sense_set)
    nrf_gpio_cfg_sense_set                   0x00018f69   Thumb Code    26  nrf_drv_gpiote.o(i.nrf_gpio_cfg_sense_set)
    i.nrf_gpiote_event_is_set                0x00018f88   Section        0  nrf_drv_gpiote.o(i.nrf_gpiote_event_is_set)
    nrf_gpiote_event_is_set                  0x00018f89   Thumb Code    14  nrf_drv_gpiote.o(i.nrf_gpiote_event_is_set)
    i.on_uart_event                          0x00018f9c   Section        0  app_uart_fifo.o(i.on_uart_event)
    on_uart_event                            0x00018f9d   Thumb Code   118  app_uart_fifo.o(i.on_uart_event)
    i.pin_in_use_by_port                     0x00019024   Section        0  nrf_drv_gpiote.o(i.pin_in_use_by_port)
    pin_in_use_by_port                       0x00019025   Thumb Code    20  nrf_drv_gpiote.o(i.pin_in_use_by_port)
    i.pin_in_use_by_te                       0x0001903c   Section        0  nrf_drv_gpiote.o(i.pin_in_use_by_te)
    pin_in_use_by_te                         0x0001903d   Thumb Code    20  nrf_drv_gpiote.o(i.pin_in_use_by_te)
    i.rtc1_stop                              0x00019054   Section        0  app_timer.o(i.rtc1_stop)
    rtc1_stop                                0x00019055   Thumb Code    50  app_timer.o(i.rtc1_stop)
    i.softdevice_assertion_handler           0x00019098   Section        0  softdevice_handler.o(i.softdevice_assertion_handler)
    i.softdevice_ble_evt_handler_set         0x000190a4   Section        0  softdevice_handler.o(i.softdevice_ble_evt_handler_set)
    i.softdevice_handler_init                0x000190b8   Section        0  softdevice_handler.o(i.softdevice_handler_init)
    i.timer_init                             0x000190e8   Section        0  timer_handler.o(i.timer_init)
    i.timer_list_handler_sched               0x0001910c   Section        0  app_timer.o(i.timer_list_handler_sched)
    timer_list_handler_sched                 0x0001910d   Thumb Code    10  app_timer.o(i.timer_list_handler_sched)
    i.timer_list_insert                      0x0001911c   Section        0  app_timer.o(i.timer_list_insert)
    timer_list_insert                        0x0001911d   Thumb Code    94  app_timer.o(i.timer_list_insert)
    i.timer_list_remove                      0x00019180   Section        0  app_timer.o(i.timer_list_remove)
    timer_list_remove                        0x00019181   Thumb Code   104  app_timer.o(i.timer_list_remove)
    i.timer_timeouts_check                   0x000191f0   Section        0  app_timer.o(i.timer_timeouts_check)
    timer_timeouts_check                     0x000191f1   Thumb Code   120  app_timer.o(i.timer_timeouts_check)
    i.uart_evt_handler                       0x00019270   Section        0  uart_handler.o(i.uart_evt_handler)
    i.uart_init                              0x00019288   Section        0  uart_handler.o(i.uart_init)
    .constdata                               0x000192d8   Section       12  uart_handler.o(.constdata)
    .constdata                               0x000192e4   Section        8  app_uart_fifo.o(.constdata)
    .data                                    0x20002000   Section        4  system_nrf51.o(.data)
    __tagsym$$used                           0x20002000   Number         0  system_nrf51.o(.data)
    .data                                    0x20002004   Section        8  app_uart_fifo.o(.data)
    m_instance_counter                       0x20002004   Data           1  app_uart_fifo.o(.data)
    m_current_state                          0x20002005   Data           1  app_uart_fifo.o(.data)
    m_event_handler                          0x20002008   Data           4  app_uart_fifo.o(.data)
    .data                                    0x2000200c   Section       36  app_timer.o(.data)
    m_node_array_size                        0x2000200c   Data           1  app_timer.o(.data)
    m_user_array_size                        0x2000200d   Data           1  app_timer.o(.data)
    m_ticks_elapsed_q_read_ind               0x2000200e   Data           1  app_timer.o(.data)
    m_ticks_elapsed_q_write_ind              0x2000200f   Data           1  app_timer.o(.data)
    m_rtc1_running                           0x20002010   Data           1  app_timer.o(.data)
    m_rtc1_reset                             0x20002011   Data           1  app_timer.o(.data)
    mp_nodes                                 0x20002014   Data           4  app_timer.o(.data)
    mp_users                                 0x20002018   Data           4  app_timer.o(.data)
    m_timer_id_head                          0x2000201c   Data           4  app_timer.o(.data)
    m_ticks_latest                           0x20002020   Data           4  app_timer.o(.data)
    m_evt_schedule_func                      0x20002024   Data           4  app_timer.o(.data)
    m_ticks_elapsed                          0x20002028   Data           8  app_timer.o(.data)
    .data                                    0x20002030   Section        4  retarget.o(.data)
    .data                                    0x20002034   Section       20  softdevice_handler.o(.data)
    m_softdevice_enabled                     0x20002034   Data           1  softdevice_handler.o(.data)
    m_ble_evt_buffer_size                    0x20002036   Data           2  softdevice_handler.o(.data)
    m_evt_schedule_func                      0x20002038   Data           4  softdevice_handler.o(.data)
    mp_ble_evt_buffer                        0x2000203c   Data           4  softdevice_handler.o(.data)
    m_ble_evt_handler                        0x20002040   Data           4  softdevice_handler.o(.data)
    m_sys_evt_handler                        0x20002044   Data           4  softdevice_handler.o(.data)
    .bss                                     0x20002048   Section       72  main.o(.bss)
    BLE_EVT_BUFFER                           0x20002048   Data          72  main.o(.bss)
    .bss                                     0x20002090   Section      656  timer_handler.o(.bss)
    APP_TIMER_BUF                            0x20002090   Data         656  timer_handler.o(.bss)
    .bss                                     0x20002320   Section      512  uart_handler.o(.bss)
    rx_buf                                   0x20002320   Data         256  uart_handler.o(.bss)
    tx_buf                                   0x20002420   Data         256  uart_handler.o(.bss)
    .bss                                     0x20002520   Section       60  nrf_drv_gpiote.o(.bss)
    m_cb                                     0x20002520   Data          60  nrf_drv_gpiote.o(.bss)
    .bss                                     0x2000255c   Section       32  app_uart_fifo.o(.bss)
    m_rx_fifo                                0x2000255c   Data          16  app_uart_fifo.o(.bss)
    m_tx_fifo                                0x2000256c   Data          16  app_uart_fifo.o(.bss)
    STACK                                    0x20002580   Section     2048  arm_startup_nrf51.o(STACK)

    Global Symbols

    Symbol Name                              Value     Ov Type        Size  Object(Section)

    BuildAttributes$$THM_ISAv3M$S$PE$A:L22$X:L11$S22$IEEE1$IW$USESV6$~STKCKD$USESV7$~SHL$OSPACE$ROPI$EBA8$MICROLIB$REQ8$PRES8$EABIv2 0x00000000   Number         0  anon$$obj.o ABSOLUTE
    __ARM_use_no_argv                        0x00000000   Number         0  main.o ABSOLUTE
    __cpp_initialize__aeabi_                  - Undefined Weak Reference
    __cxa_finalize                            - Undefined Weak Reference
    __decompress                              - Undefined Weak Reference
    _clock_init                               - Undefined Weak Reference
    _microlib_exit                            - Undefined Weak Reference
    assert_nrf_callback                       - Undefined Weak Reference
    __Vectors_Size                           0x000000c0   Number         0  arm_startup_nrf51.o ABSOLUTE
    __Vectors                                0x00018000   Data           4  arm_startup_nrf51.o(RESET)
    __Vectors_End                            0x000180c0   Data           0  arm_startup_nrf51.o(RESET)
    __main                                   0x000180c1   Thumb Code     0  entry.o(.ARM.Collect$$$$00000000)
    _main_stk                                0x000180c1   Thumb Code     0  entry2.o(.ARM.Collect$$$$00000001)
    _main_scatterload                        0x000180c5   Thumb Code     0  entry5.o(.ARM.Collect$$$$00000004)
    __main_after_scatterload                 0x000180c9   Thumb Code     0  entry5.o(.ARM.Collect$$$$00000004)
    _main_clock                              0x000180c9   Thumb Code     0  entry7b.o(.ARM.Collect$$$$00000008)
    _main_cpp_init                           0x000180c9   Thumb Code     0  entry8b.o(.ARM.Collect$$$$0000000A)
    _main_init                               0x000180c9   Thumb Code     0  entry9a.o(.ARM.Collect$$$$0000000B)
    __rt_final_cpp                           0x000180d1   Thumb Code     0  entry10a.o(.ARM.Collect$$$$0000000D)
    __rt_final_exit                          0x000180d1   Thumb Code     0  entry11a.o(.ARM.Collect$$$$0000000F)
    __asm___11_app_timer_c_cd27f9c3__nrf_delay_us 0x000180d5   Thumb Code    30  app_timer.o(.emb_text)
    Reset_Handler                            0x000180f5   Thumb Code    26  arm_startup_nrf51.o(.text)
    NMI_Handler                              0x0001810f   Thumb Code     2  arm_startup_nrf51.o(.text)
    HardFault_Handler                        0x00018111   Thumb Code     2  arm_startup_nrf51.o(.text)
    SVC_Handler                              0x00018113   Thumb Code     2  arm_startup_nrf51.o(.text)
    PendSV_Handler                           0x00018115   Thumb Code     2  arm_startup_nrf51.o(.text)
    SysTick_Handler                          0x00018117   Thumb Code     2  arm_startup_nrf51.o(.text)
    ADC_IRQHandler                           0x00018119   Thumb Code     0  arm_startup_nrf51.o(.text)
    CCM_AAR_IRQHandler                       0x00018119   Thumb Code     0  arm_startup_nrf51.o(.text)
    ECB_IRQHandler                           0x00018119   Thumb Code     0  arm_startup_nrf51.o(.text)
    LPCOMP_IRQHandler                        0x00018119   Thumb Code     0  arm_startup_nrf51.o(.text)
    POWER_CLOCK_IRQHandler                   0x00018119   Thumb Code     0  arm_startup_nrf51.o(.text)
    QDEC_IRQHandler                          0x00018119   Thumb Code     0  arm_startup_nrf51.o(.text)
    RADIO_IRQHandler                         0x00018119   Thumb Code     0  arm_startup_nrf51.o(.text)
    RNG_IRQHandler                           0x00018119   Thumb Code     0  arm_startup_nrf51.o(.text)
    RTC0_IRQHandler                          0x00018119   Thumb Code     0  arm_startup_nrf51.o(.text)
    SPI0_TWI0_IRQHandler                     0x00018119   Thumb Code     0  arm_startup_nrf51.o(.text)
    SPI1_TWI1_IRQHandler                     0x00018119   Thumb Code     0  arm_startup_nrf51.o(.text)
    SWI1_IRQHandler                          0x00018119   Thumb Code     0  arm_startup_nrf51.o(.text)
    SWI3_IRQHandler                          0x00018119   Thumb Code     0  arm_startup_nrf51.o(.text)
    SWI4_IRQHandler                          0x00018119   Thumb Code     0  arm_startup_nrf51.o(.text)
    SWI5_IRQHandler                          0x00018119   Thumb Code     0  arm_startup_nrf51.o(.text)
    TEMP_IRQHandler                          0x00018119   Thumb Code     0  arm_startup_nrf51.o(.text)
    TIMER0_IRQHandler                        0x00018119   Thumb Code     0  arm_startup_nrf51.o(.text)
    TIMER1_IRQHandler                        0x00018119   Thumb Code     0  arm_startup_nrf51.o(.text)
    TIMER2_IRQHandler                        0x00018119   Thumb Code     0  arm_startup_nrf51.o(.text)
    WDT_IRQHandler                           0x00018119   Thumb Code     0  arm_startup_nrf51.o(.text)
    __scatterload                            0x0001812d   Thumb Code    28  init.o(.text)
    __scatterload_rt2                        0x0001812d   Thumb Code     0  init.o(.text)
    GPIOTE_IRQHandler                        0x00018151   Thumb Code   232  nrf_drv_gpiote.o(i.GPIOTE_IRQHandler)
    RTC1_IRQHandler                          0x00018299   Thumb Code    28  app_timer.o(i.RTC1_IRQHandler)
    SWI0_IRQHandler                          0x000182b9   Thumb Code    78  app_timer.o(i.SWI0_IRQHandler)
    SWI2_IRQHandler                          0x0001830d   Thumb Code    32  softdevice_handler.o(i.SWI2_IRQHandler)
    SystemInit                               0x00018331   Thumb Code    64  system_nrf51.o(i.SystemInit)
    UART0_IRQHandler                         0x00018385   Thumb Code   110  app_uart_fifo.o(i.UART0_IRQHandler)
    __0printf$bare                           0x00018405   Thumb Code    12  printfb.o(i.__0printf$bare)
    __1printf$bare                           0x00018405   Thumb Code     0  printfb.o(i.__0printf$bare)
    __2printf                                0x00018405   Thumb Code     0  printfb.o(i.__0printf$bare)
    __ARM_common_switch8                     0x00018419   Thumb Code    26  bsp.o(i.__ARM_common_switch8)
    __scatterload_copy                       0x00018433   Thumb Code    14  handlers.o(i.__scatterload_copy)
    __scatterload_null                       0x00018441   Thumb Code     2  handlers.o(i.__scatterload_null)
    __scatterload_zeroinit                   0x00018443   Thumb Code    14  handlers.o(i.__scatterload_zeroinit)
    action_tx_stop                           0x000184bd   Thumb Code    26  app_uart_fifo.o(i.action_tx_stop)
    app_error_handler                        0x00018501   Thumb Code    18  app_error.o(i.app_error_handler)
    app_fifo_get                             0x0001851d   Thumb Code    34  app_fifo.o(i.app_fifo_get)
    app_fifo_init                            0x0001853f   Thumb Code    36  app_fifo.o(i.app_fifo_init)
    app_fifo_put                             0x00018563   Thumb Code    34  app_fifo.o(i.app_fifo_put)
    app_timer_init                           0x00018585   Thumb Code   164  app_timer.o(i.app_timer_init)
    app_uart_init                            0x00018639   Thumb Code   354  app_uart_fifo.o(i.app_uart_init)
    app_uart_put                             0x000187cd   Thumb Code    22  app_uart_fifo.o(i.app_uart_put)
    ble_stack_init                           0x000187ed   Thumb Code    72  main.o(i.ble_stack_init)
    fputc                                    0x000189ed   Thumb Code    14  retarget.o(i.fputc)
    gap_params_init                          0x000189fd   Thumb Code    70  main.o(i.gap_params_init)
    intern_softdevice_events_execute         0x00018a6d   Thumb Code   124  softdevice_handler.o(i.intern_softdevice_events_execute)
    main                                     0x00018cb9   Thumb Code    24  main.o(i.main)
    nrf_drv_common_irq_enable                0x00018ce1   Thumb Code    78  nrf_drv_common.o(i.nrf_drv_common_irq_enable)
    nrf_drv_gpiote_in_event_enable           0x00018d41   Thumb Code   120  nrf_drv_gpiote.o(i.nrf_drv_gpiote_in_event_enable)
    nrf_drv_gpiote_in_init                   0x00018dcd   Thumb Code   130  nrf_drv_gpiote.o(i.nrf_drv_gpiote_in_init)
    nrf_drv_gpiote_in_is_set                 0x00018e61   Thumb Code    16  nrf_drv_gpiote.o(i.nrf_drv_gpiote_in_is_set)
    nrf_drv_gpiote_init                      0x00018e75   Thumb Code    70  nrf_drv_gpiote.o(i.nrf_drv_gpiote_init)
    nrf_drv_gpiote_is_init                   0x00018ec5   Thumb Code    12  nrf_drv_gpiote.o(i.nrf_drv_gpiote_is_init)
    nrf_drv_gpiote_out_init                  0x00018ed5   Thumb Code   128  nrf_drv_gpiote.o(i.nrf_drv_gpiote_out_init)
    softdevice_assertion_handler             0x00019099   Thumb Code    12  softdevice_handler.o(i.softdevice_assertion_handler)
    softdevice_ble_evt_handler_set           0x000190a5   Thumb Code    16  softdevice_handler.o(i.softdevice_ble_evt_handler_set)
    softdevice_handler_init                  0x000190b9   Thumb Code    40  softdevice_handler.o(i.softdevice_handler_init)
    timer_init                               0x000190e9   Thumb Code    30  timer_handler.o(i.timer_init)
    uart_evt_handler                         0x00019271   Thumb Code    24  uart_handler.o(i.uart_evt_handler)
    uart_init                                0x00019289   Thumb Code    66  uart_handler.o(i.uart_init)
    Region$$Table$$Base                      0x000192ec   Number         0  anon$$obj.o(Region$$Table)
    Region$$Table$$Limit                     0x0001930c   Number         0  anon$$obj.o(Region$$Table)
    SystemCoreClock                          0x20002000   Data           4  system_nrf51.o(.data)
    __stdout                                 0x20002030   Data           4  retarget.o(.data)
    __initial_sp                             0x20002d80   Data           0  arm_startup_nrf51.o(STACK)



==============================================================================

Memory Map of the image

  Image Entry point : 0x000180c1

  Load Region LR_IROM1 (Base: 0x00018000, Size: 0x00001354, Max: 0x00028000, ABSOLUTE)

    Execution Region ER_IROM1 (Base: 0x00018000, Size: 0x0000130c, Max: 0x00028000, ABSOLUTE)

    Base Addr    Size         Type   Attr      Idx    E Section Name        Object

    0x00018000   0x000000c0   Data   RO          339    RESET               arm_startup_nrf51.o
    0x000180c0   0x00000000   Code   RO         1248  * .ARM.Collect$$$$00000000  mc_p.l(entry.o)
    0x000180c0   0x00000004   Code   RO         1519    .ARM.Collect$$$$00000001  mc_p.l(entry2.o)
    0x000180c4   0x00000004   Code   RO         1522    .ARM.Collect$$$$00000004  mc_p.l(entry5.o)
    0x000180c8   0x00000000   Code   RO         1524    .ARM.Collect$$$$00000008  mc_p.l(entry7b.o)
    0x000180c8   0x00000000   Code   RO         1526    .ARM.Collect$$$$0000000A  mc_p.l(entry8b.o)
    0x000180c8   0x00000008   Code   RO         1527    .ARM.Collect$$$$0000000B  mc_p.l(entry9a.o)
    0x000180d0   0x00000000   Code   RO         1529    .ARM.Collect$$$$0000000D  mc_p.l(entry10a.o)
    0x000180d0   0x00000000   Code   RO         1531    .ARM.Collect$$$$0000000F  mc_p.l(entry11a.o)
    0x000180d0   0x00000004   Code   RO         1520    .ARM.Collect$$$$00002712  mc_p.l(entry2.o)
    0x000180d4   0x0000001e   Code   RO         1004    .emb_text           app_timer.o
    0x000180f2   0x00000002   PAD
    0x000180f4   0x00000038   Code   RO          340    .text               arm_startup_nrf51.o
    0x0001812c   0x00000024   Code   RO         1546    .text               mc_p.l(init.o)
    0x00018150   0x00000104   Code   RO          558    i.GPIOTE_IRQHandler  nrf_drv_gpiote.o
    0x00018254   0x00000044   Code   RO         1005    i.NVIC_SetPriority  app_timer.o
    0x00018298   0x00000020   Code   RO         1006    i.RTC1_IRQHandler   app_timer.o
    0x000182b8   0x00000054   Code   RO         1007    i.SWI0_IRQHandler   app_timer.o
    0x0001830c   0x00000024   Code   RO         1192    i.SWI2_IRQHandler   softdevice_handler.o
    0x00018330   0x00000054   Code   RO          347    i.SystemInit        system_nrf51.o
    0x00018384   0x00000080   Code   RO          771    i.UART0_IRQHandler  app_uart_fifo.o
    0x00018404   0x00000014   Code   RO         1260    i.__0printf$bare    mc_p.l(printfb.o)
    0x00018418   0x0000001a   Code   RO          324    i.__ARM_common_switch8  bsp.o
    0x00018432   0x0000000e   Code   RO         1560    i.__scatterload_copy  mc_p.l(handlers.o)
    0x00018440   0x00000002   Code   RO         1561    i.__scatterload_null  mc_p.l(handlers.o)
    0x00018442   0x0000000e   Code   RO         1562    i.__scatterload_zeroinit  mc_p.l(handlers.o)
    0x00018450   0x0000001e   Code   RO         1267    i._printf_core      mc_p.l(printfb.o)
    0x0001846e   0x00000002   PAD
    0x00018470   0x0000004c   Code   RO          772    i.action_tx_send    app_uart_fifo.o
    0x000184bc   0x00000024   Code   RO          773    i.action_tx_stop    app_uart_fifo.o
    0x000184e0   0x00000020   Code   RO          774    i.action_uart_deactivate  app_uart_fifo.o
    0x00018500   0x0000001c   Code   RO          948    i.app_error_handler  app_error.o
    0x0001851c   0x00000022   Code   RO          970    i.app_fifo_get      app_fifo.o
    0x0001853e   0x00000024   Code   RO          971    i.app_fifo_init     app_fifo.o
    0x00018562   0x00000022   Code   RO          972    i.app_fifo_put      app_fifo.o
    0x00018584   0x000000b4   Code   RO         1011    i.app_timer_init    app_timer.o
    0x00018638   0x00000194   Code   RO          779    i.app_uart_init     app_uart_fifo.o
    0x000187cc   0x0000001c   Code   RO          780    i.app_uart_put      app_uart_fifo.o
    0x000187e8   0x00000002   Code   RO            3    i.ble_evt_handler   main.o
    0x000187ea   0x00000002   PAD
    0x000187ec   0x00000050   Code   RO            4    i.ble_stack_init    main.o
    0x0001883c   0x0000001c   Code   RO          559    i.channel_free      nrf_drv_gpiote.o
    0x00018858   0x00000048   Code   RO          560    i.channel_port_alloc  nrf_drv_gpiote.o
    0x000188a0   0x00000010   Code   RO          561    i.channel_port_get  nrf_drv_gpiote.o
    0x000188b0   0x000000a4   Code   RO         1015    i.compare_reg_update  app_timer.o
    0x00018954   0x00000040   Code   RO         1016    i.elapsed_ticks_acquire  app_timer.o
    0x00018994   0x00000058   Code   RO         1017    i.expired_timers_handler  app_timer.o
    0x000189ec   0x0000000e   Code   RO         1159    i.fputc             retarget.o
    0x000189fa   0x00000002   PAD
    0x000189fc   0x00000058   Code   RO            5    i.gap_params_init   main.o
    0x00018a54   0x00000016   Code   RO          781    i.gpiote_uart_event_handler  app_uart_fifo.o
    0x00018a6a   0x00000002   PAD
    0x00018a6c   0x00000080   Code   RO         1193    i.intern_softdevice_events_execute  softdevice_handler.o
    0x00018aec   0x00000048   Code   RO          348    i.is_manual_peripheral_setup_needed  system_nrf51.o
    0x00018b34   0x00000094   Code   RO         1018    i.list_deletions_handler  app_timer.o
    0x00018bc8   0x000000f0   Code   RO         1019    i.list_insertions_handler  app_timer.o
    0x00018cb8   0x00000028   Code   RO            6    i.main              main.o
    0x00018ce0   0x00000060   Code   RO          529    i.nrf_drv_common_irq_enable  nrf_drv_common.o
    0x00018d40   0x0000008c   Code   RO          564    i.nrf_drv_gpiote_in_event_enable  nrf_drv_gpiote.o
    0x00018dcc   0x00000094   Code   RO          565    i.nrf_drv_gpiote_in_init  nrf_drv_gpiote.o
    0x00018e60   0x00000014   Code   RO          566    i.nrf_drv_gpiote_in_is_set  nrf_drv_gpiote.o
    0x00018e74   0x00000050   Code   RO          568    i.nrf_drv_gpiote_init  nrf_drv_gpiote.o
    0x00018ec4   0x00000010   Code   RO          569    i.nrf_drv_gpiote_is_init  nrf_drv_gpiote.o
    0x00018ed4   0x00000094   Code   RO          571    i.nrf_drv_gpiote_out_init  nrf_drv_gpiote.o
    0x00018f68   0x00000020   Code   RO          581    i.nrf_gpio_cfg_sense_set  nrf_drv_gpiote.o
    0x00018f88   0x00000014   Code   RO          582    i.nrf_gpiote_event_is_set  nrf_drv_gpiote.o
    0x00018f9c   0x00000088   Code   RO          782    i.on_uart_event     app_uart_fifo.o
    0x00019024   0x00000018   Code   RO          583    i.pin_in_use_by_port  nrf_drv_gpiote.o
    0x0001903c   0x00000018   Code   RO          584    i.pin_in_use_by_te  nrf_drv_gpiote.o
    0x00019054   0x00000044   Code   RO         1020    i.rtc1_stop         app_timer.o
    0x00019098   0x0000000c   Code   RO         1194    i.softdevice_assertion_handler  softdevice_handler.o
    0x000190a4   0x00000014   Code   RO         1195    i.softdevice_ble_evt_handler_set  softdevice_handler.o
    0x000190b8   0x00000030   Code   RO         1196    i.softdevice_handler_init  softdevice_handler.o
    0x000190e8   0x00000024   Code   RO          178    i.timer_init        timer_handler.o
    0x0001910c   0x00000010   Code   RO         1021    i.timer_list_handler_sched  app_timer.o
    0x0001911c   0x00000064   Code   RO         1022    i.timer_list_insert  app_timer.o
    0x00019180   0x00000070   Code   RO         1023    i.timer_list_remove  app_timer.o
    0x000191f0   0x00000080   Code   RO         1024    i.timer_timeouts_check  app_timer.o
    0x00019270   0x00000018   Code   RO          205    i.uart_evt_handler  uart_handler.o
    0x00019288   0x00000050   Code   RO          206    i.uart_init         uart_handler.o
    0x000192d8   0x0000000c   Data   RO          208    .constdata          uart_handler.o
    0x000192e4   0x00000008   Data   RO          784    .constdata          app_uart_fifo.o
    0x000192ec   0x00000020   Data   RO         1558    Region$$Table       anon$$obj.o


    Execution Region RW_IRAM1 (Base: 0x20002000, Size: 0x00000d80, Max: 0x00006000, ABSOLUTE)

    Base Addr    Size         Type   Attr      Idx    E Section Name        Object

    0x20002000   0x00000004   Data   RW          349    .data               system_nrf51.o
    0x20002004   0x00000008   Data   RW          785    .data               app_uart_fifo.o
    0x2000200c   0x00000024   Data   RW         1027    .data               app_timer.o
    0x20002030   0x00000004   Data   RW         1160    .data               retarget.o
    0x20002034   0x00000014   Data   RW         1199    .data               softdevice_handler.o
    0x20002048   0x00000048   Zero   RW            7    .bss                main.o
    0x20002090   0x00000290   Zero   RW          179    .bss                timer_handler.o
    0x20002320   0x00000200   Zero   RW          207    .bss                uart_handler.o
    0x20002520   0x0000003c   Zero   RW          585    .bss                nrf_drv_gpiote.o
    0x2000255c   0x00000020   Zero   RW          783    .bss                app_uart_fifo.o
    0x2000257c   0x00000004   PAD
    0x20002580   0x00000800   Zero   RW          337    STACK               arm_startup_nrf51.o


==============================================================================

Image component sizes


      Code (inc. data)   RO Data    RW Data    ZI Data      Debug   Object Name

         0          0          0          0          0       1640   app_button.o
        28         10          0          0          0       7320   app_error.o
       104          0          0          0          0       3130   app_fifo.o
      1522        130          0         36          0      23373   app_timer.o
       862        142          8          8         32      17119   app_uart_fifo.o
        56         18        192          0       2048        644   arm_startup_nrf51.o
        26          0          0          0          0         72   bsp.o
       210         42          0          0         72      60562   main.o
        96         18          0          0          0       7696   nrf_drv_common.o
      1028        138          0          0         60      21894   nrf_drv_gpiote.o
        14          0          0          4          0       2630   retarget.o
       244         20          0         20          0       5011   softdevice_handler.o
       156         26          0          4          0       1887   system_nrf51.o
        36          6          0          0        656        877   timer_handler.o
       104         14         12          0        512       1823   uart_handler.o

    ----------------------------------------------------------------------
      4494        564        244         72       3384     155678   Object Totals
         0          0         32          0          0          0   (incl. Generated)
         8          0          0          0          4          0   (incl. Padding)

    ----------------------------------------------------------------------

      Code (inc. data)   RO Data    RW Data    ZI Data      Debug   Library Member Name

         0          0          0          0          0          0   entry.o
         0          0          0          0          0          0   entry10a.o
         0          0          0          0          0          0   entry11a.o
         8          4          0          0          0          0   entry2.o
         4          0          0          0          0          0   entry5.o
         0          0          0          0          0          0   entry7b.o
         0          0          0          0          0          0   entry8b.o
         8          4          0          0          0          0   entry9a.o
        30          0          0          0          0          0   handlers.o
        36          8          0          0          0         68   init.o
        50          8          0          0          0        144   printfb.o

    ----------------------------------------------------------------------
       138         24          0          0          0        212   Library Totals
         2          0          0          0          0          0   (incl. Padding)

    ----------------------------------------------------------------------

      Code (inc. data)   RO Data    RW Data    ZI Data      Debug   Library Name

       136         24          0          0          0        212   mc_p.l

    ----------------------------------------------------------------------
       138         24          0          0          0        212   Library Totals

    ----------------------------------------------------------------------

==============================================================================


      Code (inc. data)   RO Data    RW Data    ZI Data      Debug   

      4632        588        244         72       3384     153570   Grand Totals
      4632        588        244         72       3384     153570   ELF Image Totals
      4632        588        244         72          0          0   ROM Totals

==============================================================================

    Total RO  Size (Code + RO Data)                 4876 (   4.76kB)
    Total RW  Size (RW Data + ZI Data)              3456 (   3.38kB)
    Total ROM Size (Code + RO Data + RW Data)       4948 (   4.83kB)

==============================================================================

