<html>
<body>
<pre>
<h1>µVision Build Log</h1>
<h2>Tool Versions:</h2>
IDE-Version: µVision V5.16.0.0
Copyright (C) 2015 ARM Ltd and ARM Germany GmbH. All rights reserved.
License Information: Jithin M, Fin robotics, LIC=WIVEZ-JVLJK-RH88Q-LCJGK-62JWP-CHLZ6
 
Tool Versions:
Toolchain:       MDK-ARM Standard Cortex-M only  Version: 5.16.0.0
Toolchain Path:  C:\Keil_v5\ARM\ARMCC\Bin
C Compiler:      Armcc.exe V5.06 (build 20)
Assembler:       Armasm.exe V5.06 (build 20)
Linker/Locator:  ArmLink.exe V5.06 (build 20)
Library Manager: ArmAr.exe V5.06 (build 20)
Hex Converter:   FromElf.exe V5.06 (build 20)
CPU DLL:         SARMCM3.DLL V5.16.0.0
Dialog DLL:      DARMCM1.DLL V1.12.0.0
Target DLL:      Segger\JL2CM3.dll V2.99.15.2
Dialog DLL:      TARMCM1.DLL V1.9.0.0
 
<h2>Project:</h2>
E:\workspace\Keil\Nordic\GATT_custom_service_nordic\gatt_custom_service_nordic.uvprojx
Project File Date:  08/21/2015

<h2>Output:</h2>
*** Using Compiler 'V5.06 (build 20)', folder: 'C:\Keil_v5\ARM\ARMCC\Bin'
Build target 'nRF51422'
compiling main.c...
main.c(176): warning:  #177-D: variable "index" was declared but never referenced
      static uint8_t index = 5;
main.c: 1 warning, 0 errors
linking...
Program Size: Code=8832 RO-data=296 RW-data=184 ZI-data=3904  
FromELF: creating hex file...
".\Objects\gatt_custom_service_nordic.axf" - 0 Error(s), 1 Warning(s).

<h2>Software Packages used:</h2>

Package Vendor: ARM
                http://www.keil.com/pack/ARM.CMSIS.4.3.0.pack
                ARM::CMSIS:CORE:4.1.0
                CMSIS (Cortex Microcontroller Software Interface Standard)
   * Component: CORE Version: 4.1.0

Package Vendor: NordicSemiconductor
                http://developer.nordicsemi.com/nRF51_SDK/pieces/nRF_BLE/NordicSemiconductor.nRF_BLE.3.0.1.pack
                NordicSemiconductor::nRF_BLE:BLE_Modules:ble_service_common:3.0.1
                Bluetooth Low Energy (Bluetooth Smart) services and software modules for Nordic Semiconductor nRF family.
   * Component: ble_service_common Version: 3.0.1
   * Component: ble_common Version: 3.0.1
   * Component: ble_advertising Version: 3.0.1
   * Component: ble_advdata Version: 3.0.1

Package Vendor: NordicSemiconductor
                http://developer.nordicsemi.com/nRF51_SDK/pieces/nRF_DeviceFamilyPack/NordicSemiconductor.nRF_DeviceFamilyPack.8.0.3.pack
                NordicSemiconductor::Device:Startup:8.0.3
                Nordic Semiconductor nRF ARM devices Device Family Pack.
   * Component: Startup Version: 8.0.3
   * Component: ble_conn_params Version: 3.0.1

Package Vendor: NordicSemiconductor
                http://developer.nordicsemi.com/nRF51_SDK/pieces/nRF_Drivers/NordicSemiconductor.nRF_Drivers.3.0.1.pack
                NordicSemiconductor::nRF_Drivers:nrf_delay:3.0.1
                Drivers for Nordic Semiconductor nRF family.
   * Component: nrf_delay Version: 3.0.1
   * Component: nrf_gpio Version: 3.0.1

Package Vendor: NordicSemiconductor
                http://developer.nordicsemi.com/nRF51_SDK/pieces/nRF_Examples/NordicSemiconductor.nRF_Examples.9.0.0.pack
                NordicSemiconductor::Board Support:bsp:default:9.0.0
                Examples and BSP for Nordic Semiconductor nRF family.
   * Component: bsp Variant: default Version: 9.0.0
   * Component: nrf_error Variant: default Version: 3.0.1
   * Component: nrf_gpiote Version: 3.0.1
   * Component: pstorage Variant: default Version: 3.0.1
   * Component: nrf_drv_gpiote Version: 3.0.1
   * Component: app_uart Variant: Fifo Version: 3.0.1
   * Component: nrf_drv_common Version: 3.0.1

Package Vendor: NordicSemiconductor
                http://developer.nordicsemi.com/nRF51_SDK/pieces/nRF_Libraries/NordicSemiconductor.nRF_Libraries.3.0.1.pack
                NordicSemiconductor::nRF_Libraries:app_button:3.0.1
                Software modules for Nordic Semiconductor nRF family.
   * Component: app_button Version: 3.0.1
   * Component: app_error Version: 3.0.1
   * Component: app_timer Variant: default Version: 3.0.1
   * Component: app_util Variant: default Version: 3.0.1
   * Component: retarget Version: 3.0.1
   * Component: app_trace Variant: default Version: 3.0.1
   * Component: nrf_assert Version: 3.0.1
   * Component: app_fifo Version: 3.0.1

Package Vendor: NordicSemiconductor
                http://developer.nordicsemi.com/nRF51_SDK/pieces/nRF_SoftDevice_Common/NordicSemiconductor.nRF_SoftDevice_Common.1.1.4.pack
                NordicSemiconductor::nRF_SoftDevice:Internal:sd_common:default:1.1.4
                Common components for Nordic Semiconductor nRF family SoftDevices.
   * Component: sd_common Variant: default Version: 1.1.4
   * Component: softdevice_present Version: 1.1.4

Package Vendor: NordicSemiconductor
                http://developer.nordicsemi.com/nRF51_SDK/pieces/nRF_SoftDevice_S110/NordicSemiconductor.nRF_SoftDevice_S110.8.0.2.pack
                NordicSemiconductor::nRF_SoftDevice:s110:default:8.0.2
                Components for Bluetooth Low Energy (Bluetooth Smart) S110 SoftDevice for Nordic Semiconductor nRF family.
   * Component: s110 Variant: default Version: 8.0.2

<h2>Collection of Component include folders:</h2>
  E:\workspace\Keil\Nordic\GATT_custom_service_nordic\RTE
  E:\workspace\Keil\Nordic\GATT_custom_service_nordic\RTE\nRF_BLE\nRF51422_xxAC
  E:\workspace\Keil\Nordic\GATT_custom_service_nordic\RTE\nRF_Drivers\nRF51422_xxAC
  E:\workspace\Keil\Nordic\GATT_custom_service_nordic\RTE\nRF_Libraries\nRF51422_xxAC
  C:\Keil_v5\ARM\PACK\ARM\CMSIS\4.3.0\CMSIS\Include
  C:\Keil_v5\ARM\PACK\NordicSemiconductor\nRF_BLE\3.0.1\ble_advertising
  C:\Keil_v5\ARM\PACK\NordicSemiconductor\nRF_BLE\3.0.1\common
  C:\Keil_v5\ARM\PACK\NordicSemiconductor\nRF_DeviceFamilyPack\8.0.3\Device\Include
  C:\Keil_v5\ARM\PACK\NordicSemiconductor\nRF_Drivers\3.0.1\common
  C:\Keil_v5\ARM\PACK\NordicSemiconductor\nRF_Drivers\3.0.1\config
  C:\Keil_v5\ARM\PACK\NordicSemiconductor\nRF_Drivers\3.0.1\gpiote
  C:\Keil_v5\ARM\PACK\NordicSemiconductor\nRF_Drivers\3.0.1\hal
  C:\Keil_v5\ARM\PACK\NordicSemiconductor\nRF_Drivers\3.0.1\pstorage
  C:\Keil_v5\ARM\PACK\NordicSemiconductor\nRF_Drivers\3.0.1\uart
  C:\Keil_v5\ARM\PACK\NordicSemiconductor\nRF_Examples\9.0.0\bsp
  C:\Keil_v5\ARM\PACK\NordicSemiconductor\nRF_Libraries\3.0.1\button
  C:\Keil_v5\ARM\PACK\NordicSemiconductor\nRF_Libraries\3.0.1\fifo
  C:\Keil_v5\ARM\PACK\NordicSemiconductor\nRF_Libraries\3.0.1\timer
  C:\Keil_v5\ARM\PACK\NordicSemiconductor\nRF_Libraries\3.0.1\trace
  C:\Keil_v5\ARM\PACK\NordicSemiconductor\nRF_Libraries\3.0.1\util
  C:\Keil_v5\ARM\PACK\NordicSemiconductor\nRF_SoftDevice_Common\1.1.4\softdevice_handler
  C:\Keil_v5\ARM\PACK\NordicSemiconductor\nRF_SoftDevice_S110\8.0.2\headers

<h2>Collection of Component Files used:</h2>

   * Component: ARM::CMSIS:CORE:4.1.0

   * Component: NordicSemiconductor::nRF_BLE:BLE_Modules:ble_service_common:3.0.1
      Source file:   common\ble_srv_common.c
      Include file:  common\ble_srv_common.h

   * Component: NordicSemiconductor::nRF_BLE:BLE_Modules:ble_common:3.0.1

   * Component: NordicSemiconductor::nRF_BLE:BLE_Modules:ble_advertising:3.0.1
      Source file:   ble_advertising\ble_advertising.c
      Include file:  ble_advertising\ble_advertising.h

   * Component: NordicSemiconductor::nRF_BLE:BLE_Modules:ble_advdata:3.0.1
      Include file:  common\ble_advdata.h
      Source file:   common\ble_advdata.c

   * Component: NordicSemiconductor::Device:Startup:8.0.3
      Source file:   Device\Source\system_nrf51.c
      Source file:   Device\Source\arm\arm_startup_nrf51.s
      Include file:  Device\Include\system_nrf51.h

   * Component: NordicSemiconductor::nRF_BLE:BLE_Modules:ble_conn_params:3.0.1
      Include file:  common\ble_conn_params.h
      Source file:   common\ble_conn_params.c

   * Component: NordicSemiconductor::nRF_Drivers:nrf_delay:3.0.1
      Source file:   hal\nrf_delay.c
      Include file:  hal\nrf_delay.h

   * Component: NordicSemiconductor::nRF_Drivers:nrf_gpio:3.0.1
      Include file:  hal\nrf_gpio.h

   * Component: NordicSemiconductor::Board Support:bsp:default:9.0.0
      Source file:   bsp\bsp.c

   * Component: NordicSemiconductor::nRF_Drivers:nrf_error:default:3.0.1

   * Component: NordicSemiconductor::nRF_Drivers:nrf_gpiote:3.0.1
      Include file:  hal\nrf_gpiote.h

   * Component: NordicSemiconductor::nRF_Drivers:pstorage:default:3.0.1
      Source file:   pstorage\pstorage.c
      Include file:  pstorage\pstorage.h
      Include file:  pstorage\config\pstorage_platform.h

   * Component: NordicSemiconductor::nRF_Drivers:nrf_drv_gpiote:3.0.1
      Include file:  config\nrf_drv_config.h
      Include file:  gpiote\nrf_drv_gpiote.h
      Source file:   gpiote\nrf_drv_gpiote.c

   * Component: NordicSemiconductor::nRF_Drivers:app_uart:Fifo:3.0.1
      Source file:   uart\app_uart_fifo.c
      Include file:  uart\app_uart.h

   * Component: NordicSemiconductor::nRF_Drivers:nrf_drv_common:3.0.1
      Include file:  common\nrf_drv_common.h
      Source file:   common\nrf_drv_common.c

   * Component: NordicSemiconductor::nRF_Libraries:app_button:3.0.1
      Source file:   button\app_button.c
      Include file:  button\app_button.h

   * Component: NordicSemiconductor::nRF_Libraries:app_error:3.0.1
      Source file:   util\app_error.c
      Include file:  util\app_error.h

   * Component: NordicSemiconductor::nRF_Libraries:app_timer:default:3.0.1
      Include file:  timer\app_timer.h
      Source file:   timer\app_timer.c

   * Component: NordicSemiconductor::nRF_Libraries:app_util:default:3.0.1

   * Component: NordicSemiconductor::nRF_Libraries:retarget:3.0.1
      Source file:   uart\retarget.c

   * Component: NordicSemiconductor::nRF_Libraries:app_trace:default:3.0.1
      Source file:   trace\app_trace.c
      Include file:  trace\app_trace.h

   * Component: NordicSemiconductor::nRF_Libraries:nrf_assert:3.0.1
      Source file:   util\nrf_assert.c
      Include file:  util\nrf_assert.h

   * Component: NordicSemiconductor::nRF_Libraries:app_fifo:3.0.1
      Source file:   fifo\app_fifo.c
      Include file:  fifo\app_fifo.h

   * Component: NordicSemiconductor::nRF_SoftDevice:Internal:sd_common:default:1.1.4
      Source file:   softdevice_handler\softdevice_handler.c

   * Component: NordicSemiconductor::nRF_SoftDevice:Internal:softdevice_present:1.1.4

   * Component: NordicSemiconductor::nRF_SoftDevice:s110:default:8.0.2
      Include file:  headers\ble.h
      Include file:  headers\ble_gatt.h
      Include file:  headers\ble_types.h
      Include file:  headers\ble_hci.h
      Include file:  headers\ble_err.h
      Include file:  headers\ble_l2cap.h
      Include file:  headers\nrf_mbr.h
      Include file:  headers\nrf_soc.h
      Include file:  headers\ble_gattc.h
      Include file:  headers\nrf_error.h
      Include file:  headers\nrf_error_soc.h
      Include file:  headers\nrf_svc.h
      Include file:  headers\ble_gatts.h
      Include file:  headers\nrf_error_sdm.h
      Include file:  headers\ble_gap.h
      Include file:  headers\softdevice_assert.h
      Include file:  headers\ble_ranges.h
      Include file:  headers\nrf_sd_def.h
      Include file:  headers\nrf_sdm.h
Build Time Elapsed:  00:00:01
</pre>
</body>
</html>
